ARM Linker, 4.1 [Build 481] [Standard]

==============================================================================

Section Cross References

    netconf.o(i.LwIP_Init) refers to mem.o(i.mem_init) for mem_init
    netconf.o(i.LwIP_Init) refers to memp.o(i.memp_init) for memp_init
    netconf.o(i.LwIP_Init) refers to ethernetif.o(i.Set_MAC_Address) for Set_MAC_Address
    netconf.o(i.LwIP_Init) refers to netif.o(i.netif_add) for netif_add
    netconf.o(i.LwIP_Init) refers to netif.o(i.netif_set_default) for netif_set_default
    netconf.o(i.LwIP_Init) refers to dhcp.o(i.dhcp_start) for dhcp_start
    netconf.o(i.LwIP_Init) refers to netif.o(i.netif_set_up) for netif_set_up
    netconf.o(i.LwIP_Init) refers to netconf.o(.data) for macaddress
    netconf.o(i.LwIP_Init) refers to etharp.o(i.ethernet_input) for ethernet_input
    netconf.o(i.LwIP_Init) refers to ethernetif.o(i.ethernetif_init) for ethernetif_init
    netconf.o(i.LwIP_Init) refers to netconf.o(.bss) for netif
    netconf.o(i.LwIP_Periodic_Handle) refers to ethernetif.o(i.ETH_Recive_Poll) for ETH_Recive_Poll
    netconf.o(i.LwIP_Periodic_Handle) refers to tcp.o(i.tcp_tmr) for tcp_tmr
    netconf.o(i.LwIP_Periodic_Handle) refers to tftpserver.o(i.TftpTrm250ms) for TftpTrm250ms
    netconf.o(i.LwIP_Periodic_Handle) refers to etharp.o(i.etharp_tmr) for etharp_tmr
    netconf.o(i.LwIP_Periodic_Handle) refers to dhcp.o(i.dhcp_fine_tmr) for dhcp_fine_tmr
    netconf.o(i.LwIP_Periodic_Handle) refers to dhcp.o(i.dhcp_coarse_tmr) for dhcp_coarse_tmr
    netconf.o(i.LwIP_Periodic_Handle) refers to netconf.o(.data) for TCPTimer
    netconf.o(i.LwIP_Pkt_Handle) refers to ethernetif.o(i.ethernetif_input) for ethernetif_input
    netconf.o(i.LwIP_Pkt_Handle) refers to netconf.o(.bss) for netif
    stm32f10x_it.o(i.ETH_IRQHandler) refers to ethernetif.o(i.Read_Eth_Packet) for Read_Eth_Packet
    stm32f10x_it.o(i.ETH_IRQHandler) refers to stm32_eth.o(i.ETH_GetRxPktSize) for ETH_GetRxPktSize
    stm32f10x_it.o(i.ETH_IRQHandler) refers to stm32_eth.o(i.ETH_DMAClearITPendingBit) for ETH_DMAClearITPendingBit
    stm32f10x_it.o(i.HardFault_Handler) refers to stm32f10x_it.o(.emb_text) for wait
    stm32f10x_it.o(i.SysTick_Handler) refers to main.o(i.Time_Update) for Time_Update
    stm32f107.o(i.ADC_Configuration) refers to stm32f10x_adc.o(i.ADC_Init) for ADC_Init
    stm32f107.o(i.ADC_Configuration) refers to stm32f10x_adc.o(i.ADC_RegularChannelConfig) for ADC_RegularChannelConfig
    stm32f107.o(i.ADC_Configuration) refers to stm32f10x_adc.o(i.ADC_Cmd) for ADC_Cmd
    stm32f107.o(i.ADC_Configuration) refers to stm32f10x_adc.o(i.ADC_SoftwareStartConvCmd) for ADC_SoftwareStartConvCmd
    stm32f107.o(i.Ethernet_Configuration) refers to stm32f10x_gpio.o(i.GPIO_ETH_MediaInterfaceConfig) for GPIO_ETH_MediaInterfaceConfig
    stm32f107.o(i.Ethernet_Configuration) refers to stm32f10x_rcc.o(i.RCC_MCOConfig) for RCC_MCOConfig
    stm32f107.o(i.Ethernet_Configuration) refers to stm32_eth.o(i.ETH_DeInit) for ETH_DeInit
    stm32f107.o(i.Ethernet_Configuration) refers to stm32_eth.o(i.ETH_SoftwareReset) for ETH_SoftwareReset
    stm32f107.o(i.Ethernet_Configuration) refers to stm32_eth.o(i.ETH_GetSoftwareResetStatus) for ETH_GetSoftwareResetStatus
    stm32f107.o(i.Ethernet_Configuration) refers to stm32_eth.o(i.ETH_StructInit) for ETH_StructInit
    stm32f107.o(i.Ethernet_Configuration) refers to stm32_eth.o(i.ETH_Init) for ETH_Init
    stm32f107.o(i.Ethernet_Configuration) refers to stm32_eth.o(i.ETH_DMAITConfig) for ETH_DMAITConfig
    stm32f107.o(i.GPIO_Configuration) refers to stm32f10x_gpio.o(i.GPIO_Init) for GPIO_Init
    stm32f107.o(i.GPIO_Configuration) refers to stm32f10x_gpio.o(i.GPIO_PinRemapConfig) for GPIO_PinRemapConfig
    stm32f107.o(i.NVIC_Configuration) refers to misc.o(i.NVIC_SetVectorTable) for NVIC_SetVectorTable
    stm32f107.o(i.NVIC_Configuration) refers to misc.o(i.NVIC_PriorityGroupConfig) for NVIC_PriorityGroupConfig
    stm32f107.o(i.NVIC_Configuration) refers to misc.o(i.NVIC_Init) for NVIC_Init
    stm32f107.o(i.System_Setup) refers to system_stm32f10x.o(i.SystemInit) for SystemInit
    stm32f107.o(i.System_Setup) refers to mb_m.o(i.eMBMasterInit) for eMBMasterInit
    stm32f107.o(i.System_Setup) refers to mb_m.o(i.eMBMasterEnable) for eMBMasterEnable
    stm32f107.o(i.System_Setup) refers to stm32f10x_rcc.o(i.RCC_AHBPeriphClockCmd) for RCC_AHBPeriphClockCmd
    stm32f107.o(i.System_Setup) refers to stm32f10x_rcc.o(i.RCC_APB2PeriphClockCmd) for RCC_APB2PeriphClockCmd
    stm32f107.o(i.System_Setup) refers to stm32f107.o(i.NVIC_Configuration) for NVIC_Configuration
    stm32f107.o(i.System_Setup) refers to stm32f107.o(i.GPIO_Configuration) for GPIO_Configuration
    stm32f107.o(i.System_Setup) refers to stm32f107.o(i.Ethernet_Configuration) for Ethernet_Configuration
    stm32f107.o(i.System_Setup) refers to stm32f10x_rcc.o(i.RCC_GetClocksFreq) for RCC_GetClocksFreq
[...]
    __2sprintf                               0x08001ccd   Thumb Code     0  printf6.o(i.__0sprintf$6)
    __scatterload_copy                       0x08001cf5   Thumb Code    14  handlers.o(i.__scatterload_copy)
    __scatterload_null                       0x08001d03   Thumb Code     2  handlers.o(i.__scatterload_null)
    __scatterload_zeroinit                   0x08001d05   Thumb Code    14  handlers.o(i.__scatterload_zeroinit)
    dhcp_arp_reply                           0x080020bd   Thumb Code    50  dhcp.o(i.dhcp_arp_reply)
    dhcp_coarse_tmr                          0x08002215   Thumb Code    62  dhcp.o(i.dhcp_coarse_tmr)
    dhcp_fine_tmr                            0x08002541   Thumb Code    64  dhcp.o(i.dhcp_fine_tmr)
    dhcp_release                             0x08002d85   Thumb Code   160  dhcp.o(i.dhcp_release)
    dhcp_renew                               0x08002e29   Thumb Code   140  dhcp.o(i.dhcp_renew)
    dhcp_start                               0x08002fb9   Thumb Code   226  dhcp.o(i.dhcp_start)
    dhcp_stop                                0x080030a5   Thumb Code    70  dhcp.o(i.dhcp_stop)
    dir_addCluster                           0x080031cf   Thumb Code   110  dir.o(i.dir_addCluster)
    dir_createDefaultEntry                   0x0800323d   Thumb Code    54  dir.o(i.dir_createDefaultEntry)
    dir_createDirectoryEntry                 0x08003273   Thumb Code    48  dir.o(i.dir_createDirectoryEntry)
    dir_findFileinBuf                        0x080032a3   Thumb Code   108  dir.o(i.dir_findFileinBuf)
    dir_findFreeEntryinBuf                   0x0800330f   Thumb Code    72  dir.o(i.dir_findFreeEntryinBuf)
    dir_findinBuf                            0x08003357   Thumb Code    48  dir.o(i.dir_findinBuf)
    dir_findinCluster                        0x08003387   Thumb Code   114  dir.o(i.dir_findinCluster)
    dir_findinDir                            0x080033f9   Thumb Code   106  dir.o(i.dir_findinDir)
    dir_findinRootArea                       0x08003463   Thumb Code   126  dir.o(i.dir_findinRootArea)
    dir_getFatFileName                       0x080034e1   Thumb Code    72  dir.o(i.dir_getFatFileName)
    dir_getFileStructure                     0x08003529   Thumb Code    48  dir.o(i.dir_getFileStructure)
    dir_setFileSize                          0x08003559   Thumb Code    42  dir.o(i.dir_setFileSize)
    dir_setFirstCluster                      0x08003583   Thumb Code    52  dir.o(i.dir_setFirstCluster)
    dir_updateDirectoryEntry                 0x080035b7   Thumb Code    50  dir.o(i.dir_updateDirectoryEntry)
    disc_initDisc                            0x080035e9   Thumb Code    20  disc.o(i.disc_initDisc)
    disc_loadMBR                             0x080035fd   Thumb Code    60  disc.o(i.disc_loadMBR)
    eMBMasterEnable                          0x08003639   Thumb Code    32  mb_m.o(i.eMBMasterEnable)
    eMBMasterInit                            0x08003661   Thumb Code   118  mb_m.o(i.eMBMasterInit)
    eMBMasterPoll                            0x08003719   Thumb Code   250  mb_m.o(i.eMBMasterPoll)
    eMBMasterRTUInit                         0x08003841   Thumb Code    82  mbrtu_m.o(i.eMBMasterRTUInit)
    eMBMasterRTUReceive                      0x08003899   Thumb Code    50  mbrtu_m.o(i.eMBMasterRTUReceive)
    eMBMasterRTUSend                         0x080038d5   Thumb Code    68  mbrtu_m.o(i.eMBMasterRTUSend)
    eMBMasterRTUStart                        0x08003929   Thumb Code    30  mbrtu_m.o(i.eMBMasterRTUStart)
    eMBMasterRTUStop                         0x0800394d   Thumb Code    24  mbrtu_m.o(i.eMBMasterRTUStop)
    efs_init                                 0x08003965   Thumb Code   116  efs.o(i.efs_init)
    etharp_cleanup_netif                     0x08003b41   Thumb Code    52  etharp.o(i.etharp_cleanup_netif)
    etharp_output                            0x08003d55   Thumb Code   354  etharp.o(i.etharp_output)
    etharp_query                             0x08003f49   Thumb Code   420  etharp.o(i.etharp_query)
    etharp_request                           0x080041e5   Thumb Code    36  etharp.o(i.etharp_request)
    etharp_tmr                               0x08004255   Thumb Code   136  etharp.o(i.etharp_tmr)
    ethernet_input                           0x080043a5   Thumb Code   226  etharp.o(i.ethernet_input)
    ethernetif_init                          0x08004491   Thumb Code    72  ethernetif.o(i.ethernetif_init)
    ethernetif_input                         0x080044e9   Thumb Code    44  ethernetif.o(i.ethernetif_input)
    ex_getPartitionField                     0x08004515   Thumb Code    76  extract.o(i.ex_getPartitionField)
    ex_getb16                                0x08004561   Thumb Code    16  extract.o(i.ex_getb16)
    ex_getb32                                0x08004571   Thumb Code    30  extract.o(i.ex_getb32)
    fat_DiscToLogicCluster                   0x0800458f   Thumb Code    70  fat.o(i.fat_DiscToLogicCluster)
    fat_LogicToDiscCluster                   0x080045d5   Thumb Code    92  fat.o(i.fat_LogicToDiscCluster)
    fat_allocClusterChain                    0x08004631   Thumb Code   316  fat.o(i.fat_allocClusterChain)
    fat_countClustersInChain                 0x0800476d   Thumb Code    56  fat.o(i.fat_countClustersInChain)
    fat_getNextClusterAddress                0x080047a5   Thumb Code   188  fat.o(i.fat_getNextClusterAddress)
    fat_getNextClusterAddressWBuf            0x08004861   Thumb Code   156  fat.o(i.fat_getNextClusterAddressWBuf)
    fat_getNextClusterChain                  0x080048fd   Thumb Code   172  fat.o(i.fat_getNextClusterChain)
    fat_getSectorAddressFatEntry             0x080049a9   Thumb Code    82  fat.o(i.fat_getSectorAddressFatEntry)
    fat_giveEocMarker                        0x080049fb   Thumb Code    42  fat.o(i.fat_giveEocMarker)
    fat_isEocMarker                          0x08004a25   Thumb Code    70  fat.o(i.fat_isEocMarker)
    fat_setNextClusterAddress                0x08004a71   Thumb Code   288  fat.o(i.fat_setNextClusterAddress)
    fat_setNextClusterAddressWBuf            0x08004b91   Thumb Code   224  fat.o(i.fat_setNextClusterAddressWBuf)
    file_fclose                              0x08004c71   Thumb Code   104  file.o(i.file_fclose)
    file_fopen                               0x08004cd9   Thumb Code   636  file.o(i.file_fopen)
    file_fread                               0x08004f55   Thumb Code   256  file.o(i.file_fread)
    file_fwrite                              0x08005055   Thumb Code   328  file.o(i.file_fwrite)
    file_getAttr                             0x0800519d   Thumb Code    14  file.o(i.file_getAttr)
    file_initFile                            0x080051ab   Thumb Code    50  file.o(i.file_initFile)
    file_normalToFatName                     0x080051dd   Thumb Code   150  file.o(i.file_normalToFatName)
    file_read                                0x08005273   Thumb Code    36  file.o(i.file_read)
    file_requiredCluster                     0x08005297   Thumb Code   112  file.o(i.file_requiredCluster)
    file_setAttr                             0x08005307   Thumb Code    38  file.o(i.file_setAttr)
    file_setpos                              0x0800532d   Thumb Code    20  file.o(i.file_setpos)
    file_validateChar                        0x08005341   Thumb Code    68  file.o(i.file_validateChar)
    file_write                               0x08005385   Thumb Code    36  file.o(i.file_write)
    fs_clearCluster                          0x080053a9   Thumb Code    70  fs.o(i.fs_clearCluster)
    fs_clusterToSector                       0x080053ef   Thumb Code    58  fs.o(i.fs_clusterToSector)
    fs_countDataSectors                      0x08005429   Thumb Code    88  fs.o(i.fs_countDataSectors)
    fs_determineFatType                      0x08005481   Thumb Code    52  fs.o(i.fs_determineFatType)
    fs_findFile                              0x080054b5   Thumb Code   208  fs.o(i.fs_findFile)
    fs_findFirstSectorRootDir                0x08005585   Thumb Code    46  fs.o(i.fs_findFirstSectorRootDir)
    fs_findFreeFile                          0x080055b3   Thumb Code   112  fs.o(i.fs_findFreeFile)
    fs_flushFs                               0x08005623   Thumb Code    16  fs.o(i.fs_flushFs)
    fs_getFirstClusterRootDir                0x08005633   Thumb Code    18  fs.o(i.fs_getFirstClusterRootDir)
    fs_getLastCluster                        0x08005645   Thumb Code    60  fs.o(i.fs_getLastCluster)
    fs_getNextFreeCluster                    0x08005681   Thumb Code    38  fs.o(i.fs_getNextFreeCluster)
    fs_giveFreeClusterHint                   0x080056a7   Thumb Code     6  fs.o(i.fs_giveFreeClusterHint)
    fs_hasTimeSupport                        0x080056ad   Thumb Code     4  time.o(i.fs_hasTimeSupport)
    fs_initClusterChain                      0x080056b1   Thumb Code    16  fs.o(i.fs_initClusterChain)
    fs_initCurrentDir                        0x080056c1   Thumb Code    14  fs.o(i.fs_initCurrentDir)
    fs_initFs                                0x080056cf   Thumb Code    72  fs.o(i.fs_initFs)
    fs_isValidFat                            0x08005717   Thumb Code    50  fs.o(i.fs_isValidFat)
    fs_loadVolumeId                          0x08005749   Thumb Code   116  fs.o(i.fs_loadVolumeId)
    fs_setFirstClusterInDirEntry             0x080057bd   Thumb Code     8  fs.o(i.fs_setFirstClusterInDirEntry)
    fs_umount                                0x080057c5   Thumb Code    12  fs.o(i.fs_umount)
    fs_verifySanity                          0x080057d1   Thumb Code   178  fs.o(i.fs_verifySanity)
    get_spi_BaudRatePrescaler                0x08005883   Thumb Code     6  sd.o(i.get_spi_BaudRatePrescaler)
    icmp_dest_unreach                        0x08005889   Thumb Code    18  icmp.o(i.icmp_dest_unreach)
    icmp_input                               0x0800589d   Thumb Code   530  icmp.o(i.icmp_input)
    icmp_time_exceeded                       0x08005b4d   Thumb Code    18  icmp.o(i.icmp_time_exceeded)
    if_initInterface                         0x08005b5f   Thumb Code    76  sd_stm32.o(i.if_initInterface)
    if_readBuf                               0x08005bab   Thumb Code    24  sd_stm32.o(i.if_readBuf)
    if_spiInit                               0x08005bc5   Thumb Code    38  sd_stm32.o(i.if_spiInit)
    if_spiSend                               0x08005bf1   Thumb Code    70  sd_stm32.o(i.if_spiSend)
    if_writeBuf                              0x08005c41   Thumb Code    20  sd_stm32.o(i.if_writeBuf)
    inet_chksum                              0x08005c55   Thumb Code    20  inet_chksum.o(i.inet_chksum)
    inet_chksum_pbuf                         0x08005c69   Thumb Code    86  inet_chksum.o(i.inet_chksum_pbuf)
    inet_chksum_pseudo                       0x08005cbf   Thumb Code   164  inet_chksum.o(i.inet_chksum_pseudo)
    ioman_decUseCnt                          0x08005d63   Thumb Code    42  ioman.o(i.ioman_decUseCnt)
    ioman_directSectorRead                   0x08005d8d   Thumb Code   134  ioman.o(i.ioman_directSectorRead)
    ioman_directSectorWrite                  0x08005e13   Thumb Code   168  ioman.o(i.ioman_directSectorWrite)
    ioman_findFreeSpot                       0x08005ebb   Thumb Code    40  ioman.o(i.ioman_findFreeSpot)
    ioman_findOverallocableSpot              0x08005ee3   Thumb Code   116  ioman.o(i.ioman_findOverallocableSpot)
    ioman_findSectorInCache                  0x08005f57   Thumb Code    54  ioman.o(i.ioman_findSectorInCache)
    ioman_findUnusedSpot                     0x08005f8d   Thumb Code   142  ioman.o(i.ioman_findUnusedSpot)
    ioman_flushRange                         0x0800601b   Thumb Code   110  ioman.o(i.ioman_flushRange)
    ioman_flushSector                        0x08006089   Thumb Code    96  ioman.o(i.ioman_flushSector)
    ioman_getAttr                            0x080060e9   Thumb Code    32  ioman.o(i.ioman_getAttr)
    ioman_getBp                              0x08006109   Thumb Code    46  ioman.o(i.ioman_getBp)
    ioman_getBuffer                          0x08006137   Thumb Code     8  ioman.o(i.ioman_getBuffer)
    ioman_getPtr                             0x0800613f   Thumb Code    24  ioman.o(i.ioman_getPtr)
    ioman_getRefCnt                          0x08006157   Thumb Code    24  ioman.o(i.ioman_getRefCnt)
    ioman_getSector                          0x0800616f   Thumb Code   324  ioman.o(i.ioman_getSector)
    ioman_getUseCnt                          0x080062b3   Thumb Code    24  ioman.o(i.ioman_getUseCnt)
    ioman_incRefCnt                          0x080062cb   Thumb Code    44  ioman.o(i.ioman_incRefCnt)
    ioman_incUseCnt                          0x080062f7   Thumb Code    44  ioman.o(i.ioman_incUseCnt)
    ioman_init                               0x08006323   Thumb Code    36  ioman.o(i.ioman_init)
    ioman_pop                                0x08006347   Thumb Code   128  ioman.o(i.ioman_pop)
    ioman_push                               0x080063c7   Thumb Code   120  ioman.o(i.ioman_push)
    ioman_putSectorInCache                   0x0800643f   Thumb Code    76  ioman.o(i.ioman_putSectorInCache)
    ioman_readSector                         0x0800648b   Thumb Code    46  ioman.o(i.ioman_readSector)
    ioman_releaseSector                      0x080064b9   Thumb Code    90  ioman.o(i.ioman_releaseSector)
    ioman_reset                              0x08006513   Thumb Code   122  ioman.o(i.ioman_reset)
    ioman_resetCacheItem                     0x0800658d   Thumb Code    38  ioman.o(i.ioman_resetCacheItem)
    ioman_setAttr                            0x080065b3   Thumb Code    62  ioman.o(i.ioman_setAttr)
    ioman_writeSector                        0x080065f1   Thumb Code    48  ioman.o(i.ioman_writeSector)
    ip4_addr_isbroadcast                     0x08006621   Thumb Code    78  ip_addr.o(i.ip4_addr_isbroadcast)
    ip_frag                                  0x08006671   Thumb Code   448  ip_frag.o(i.ip_frag)
    ip_input                                 0x0800685d   Thumb Code   590  ip.o(i.ip_input)
    ip_output                                0x08006ac5   Thumb Code    82  ip.o(i.ip_output)
    ip_output_if                             0x08006b1d   Thumb Code   312  ip.o(i.ip_output_if)
    ip_reass                                 0x08006c5d   Thumb Code   448  ip_frag.o(i.ip_reass)
    ip_route                                 0x080071b1   Thumb Code    92  ip.o(i.ip_route)
    ls_openDir                               0x08007355   Thumb Code    68  ls.o(i.ls_openDir)
    lwip_htonl                               0x08007399   Thumb Code    26  def.o(i.lwip_htonl)
    lwip_htons                               0x080073b3   Thumb Code    12  def.o(i.lwip_htons)
    lwip_ntohl                               0x080073bf   Thumb Code    12  def.o(i.lwip_ntohl)
    lwip_ntohs                               0x080073cb   Thumb Code    12  def.o(i.lwip_ntohs)
    main                                     0x08007435   Thumb Code    52  main.o(i.main)
    memClr                                   0x0800746d   Thumb Code    18  plibc.o(i.memClr)
    memCpy                                   0x0800747f   Thumb Code    24  plibc.o(i.memCpy)
    mem_free                                 0x08007499   Thumb Code   148  mem.o(i.mem_free)
    mem_init                                 0x0800753d   Thumb Code    84  mem.o(i.mem_init)
    mem_malloc                               0x080075a5   Thumb Code   396  mem.o(i.mem_malloc)
    mem_trim                                 0x08007741   Thumb Code   386  mem.o(i.mem_trim)
    memp_free                                0x080078d5   Thumb Code    82  memp.o(i.memp_free)
    memp_init                                0x08007935   Thumb Code   136  memp.o(i.memp_init)
    memp_malloc                              0x080079d1   Thumb Code   184  memp.o(i.memp_malloc)
    netif_add                                0x08007ac1   Thumb Code   108  netif.o(i.netif_add)
    netif_set_addr                           0x08007b35   Thumb Code    40  netif.o(i.netif_set_addr)
    netif_set_default                        0x08007b5d   Thumb Code     6  netif.o(i.netif_set_default)
    netif_set_down                           0x08007b69   Thumb Code    42  netif.o(i.netif_set_down)
    netif_set_gw                             0x08007b93   Thumb Code    12  netif.o(i.netif_set_gw)
    netif_set_ipaddr                         0x08007ba1   Thumb Code   110  netif.o(i.netif_set_ipaddr)
    netif_set_netmask                        0x08007c19   Thumb Code    12  netif.o(i.netif_set_netmask)
    netif_set_up                             0x08007c25   Thumb Code    54  netif.o(i.netif_set_up)
    part_directSectorRead                    0x08007c5b   Thumb Code    36  partition.o(i.part_directSectorRead)
    part_directSectorWrite                   0x08007c7f   Thumb Code    36  partition.o(i.part_directSectorWrite)
    part_flushPart                           0x08007ca3   Thumb Code    46  partition.o(i.part_flushPart)
    part_getRealLBA                          0x08007cd1   Thumb Code    20  partition.o(i.part_getRealLBA)
    part_getSect                             0x08007ce5   Thumb Code    36  partition.o(i.part_getSect)
    part_initPartition                       0x08007d09   Thumb Code    46  partition.o(i.part_initPartition)
    part_isFatPart                           0x08007d37   Thumb Code    38  partition.o(i.part_isFatPart)
    part_relSect                             0x08007d5d   Thumb Code    18  partition.o(i.part_relSect)
    pbuf_alloc                               0x08007d6f   Thumb Code   522  pbuf.o(i.pbuf_alloc)
    pbuf_alloced_custom                      0x08007f79   Thumb Code   112  pbuf.o(i.pbuf_alloced_custom)
    pbuf_cat                                 0x08007fe9   Thumb Code    80  pbuf.o(i.pbuf_cat)
    pbuf_chain                               0x08008039   Thumb Code    22  pbuf.o(i.pbuf_chain)
    pbuf_clen                                0x0800804f   Thumb Code    18  pbuf.o(i.pbuf_clen)
    pbuf_copy                                0x08008061   Thumb Code   228  pbuf.o(i.pbuf_copy)
    pbuf_copy_partial                        0x08008145   Thumb Code   154  pbuf.o(i.pbuf_copy_partial)
    pbuf_free                                0x080081df   Thumb Code   186  pbuf.o(i.pbuf_free)
    pbuf_header                              0x08008299   Thumb Code   140  pbuf.o(i.pbuf_header)
    pbuf_realloc                             0x08008325   Thumb Code   176  pbuf.o(i.pbuf_realloc)
    pbuf_ref                                 0x080083d5   Thumb Code    10  pbuf.o(i.pbuf_ref)
    process_tftp_request                     0x08008495   Thumb Code   378  tftpserver.o(i.process_tftp_request)
    raw_input                                0x08008671   Thumb Code   102  raw.o(i.raw_input)
    recv_callback_tftp                       0x080086e5   Thumb Code    34  tftpserver.o(i.recv_callback_tftp)
    rrq_recv_callback                        0x08008709   Thumb Code   102  tftpserver.o(i.rrq_recv_callback)
    sd_Command                               0x08008779   Thumb Code    82  sd.o(i.sd_Command)
    sd_Command_crc                           0x080087cb   Thumb Code   132  sd.o(i.sd_Command_crc)
    sd_Init                                  0x08008851   Thumb Code   628  sd.o(i.sd_Init)
    sd_Resp16b                               0x08008ac9   Thumb Code    32  sd.o(i.sd_Resp16b)
    sd_Resp8b                                0x08008ae9   Thumb Code    38  sd.o(i.sd_Resp8b)
    sd_Resp8bError                           0x08008b0f   Thumb Code    52  sd.o(i.sd_Resp8bError)
    sd_State                                 0x08008b43   Thumb Code   112  sd.o(i.sd_State)
    sd_getDriveSize                          0x08008bb5   Thumb Code   308  sd.o(i.sd_getDriveSize)
    sd_readSector                            0x08008d05   Thumb Code   162  sd.o(i.sd_readSector)
    sd_writeSector                           0x08008dad   Thumb Code   128  sd.o(i.sd_writeSector)
    strMatch                                 0x08008e31   Thumb Code    32  plibc.o(i.strMatch)
    tcp_abandon                              0x08008e51   Thumb Code   146  tcp.o(i.tcp_abandon)
    tcp_abort                                0x08008ef1   Thumb Code    14  tcp.o(i.tcp_abort)
    tcp_alloc                                0x08008f01   Thumb Code   260  tcp.o(i.tcp_alloc)
    tcp_bind                                 0x08009019   Thumb Code   152  tcp.o(i.tcp_bind)
    tcp_client_callback                      0x080090bd   Thumb Code    78  client_tcpudp.o(i.tcp_client_callback)
    tcp_client_connected                     0x08009125   Thumb Code    72  client_tcpudp.o(i.tcp_client_connected)
    tcp_client_err                           0x08009185   Thumb Code    38  client_tcpudp.o(i.tcp_client_err)
    tcp_client_reciver                       0x080091b1   Thumb Code   576  client_tcpudp.o(i.tcp_client_reciver)
    tcp_close                                0x0800946d   Thumb Code    28  tcp.o(i.tcp_close)
    tcp_connect                              0x0800965d   Thumb Code   326  tcp.o(i.tcp_connect)
    tcp_eff_send_mss                         0x08009879   Thumb Code    46  tcp.o(i.tcp_eff_send_mss)
    tcp_enqueue_flags                        0x080098a9   Thumb Code   392  tcp_out.o(i.tcp_enqueue_flags)
    tcp_err                                  0x08009a35   Thumb Code    20  tcp.o(i.tcp_err)
    tcp_fasttmr                              0x08009a49   Thumb Code   118  tcp.o(i.tcp_fasttmr)
    tcp_input                                0x08009acd   Thumb Code  1360  tcp_in.o(i.tcp_input)
    tcp_keepalive                            0x0800a049   Thumb Code   100  tcp_out.o(i.tcp_keepalive)
    tcp_new                                  0x0800a285   Thumb Code    10  tcp.o(i.tcp_new)
    tcp_next_iss                             0x0800a2f9   Thumb Code    20  tcp.o(i.tcp_next_iss)
    tcp_output                               0x0800a315   Thumb Code   464  tcp_out.o(i.tcp_output)
    tcp_pcb_purge                            0x0800a799   Thumb Code    64  tcp.o(i.tcp_pcb_purge)
    tcp_pcb_remove                           0x0800a7d9   Thumb Code   156  tcp.o(i.tcp_pcb_remove)
    tcp_process_refused_data                 0x0800ae1d   Thumb Code   140  tcp.o(i.tcp_process_refused_data)
    tcp_recv                                 0x0800b581   Thumb Code    18  tcp.o(i.tcp_recv)
    tcp_recv_null                            0x0800b593   Thumb Code    46  tcp.o(i.tcp_recv_null)
    tcp_recved                               0x0800b5c1   Thumb Code    96  tcp.o(i.tcp_recved)
    tcp_rexmit                               0x0800b621   Thumb Code    90  tcp_out.o(i.tcp_rexmit)
    tcp_rexmit_fast                          0x0800b67b   Thumb Code   112  tcp_out.o(i.tcp_rexmit_fast)
    tcp_rexmit_rto                           0x0800b6eb   Thumb Code    58  tcp_out.o(i.tcp_rexmit_rto)
    tcp_rst                                  0x0800b725   Thumb Code   166  tcp_out.o(i.tcp_rst)
    tcp_seg_free                             0x0800b7d1   Thumb Code    26  tcp.o(i.tcp_seg_free)
    tcp_segs_free                            0x0800b7eb   Thumb Code    24  tcp.o(i.tcp_segs_free)
    tcp_send_empty_ack                       0x0800b803   Thumb Code    96  tcp_out.o(i.tcp_send_empty_ack)
    tcp_send_fin                             0x0800b863   Thumb Code    74  tcp_out.o(i.tcp_send_fin)
    tcp_slowtmr                              0x0800b8ad   Thumb Code   880  tcp.o(i.tcp_slowtmr)
    tcp_timer_needed                         0x0800bc39   Thumb Code     2  timers.o(i.tcp_timer_needed)
    tcp_tmr                                  0x0800bce9   Thumb Code    30  tcp.o(i.tcp_tmr)
    tcp_update_rcv_ann_wnd                   0x0800bd0d   Thumb Code    88  tcp.o(i.tcp_update_rcv_ann_wnd)
    tcp_write                                0x0800bd65   Thumb Code  1022  tcp_out.o(i.tcp_write)
    tcp_zero_window_probe                    0x0800c205   Thumb Code   200  tcp_out.o(i.tcp_zero_window_probe)
    tftp_cleanup_rd                          0x0800c2d1   Thumb Code    50  tftpserver.o(i.tftp_cleanup_rd)
    tftp_cleanup_wr                          0x0800c315   Thumb Code    50  tftpserver.o(i.tftp_cleanup_wr)
    tftp_construct_error_message             0x0800c359   Thumb Code    50  tftpserver.o(i.tftp_construct_error_message)
    tftp_decode_op                           0x0800c391   Thumb Code     6  tftputils.o(i.tftp_decode_op)
    tftp_extract_block                       0x0800c397   Thumb Code    14  tftputils.o(i.tftp_extract_block)
    tftp_extract_filename                    0x0800c3a5   Thumb Code    16  tftputils.o(i.tftp_extract_filename)
    tftp_is_correct_ack                      0x0800c3b5   Thumb Code    38  tftputils.o(i.tftp_is_correct_ack)
    tftp_process_read                        0x0800c3dd   Thumb Code   156  tftpserver.o(i.tftp_process_read)
    tftp_process_write                       0x0800c491   Thumb Code   142  tftpserver.o(i.tftp_process_write)
    tftp_send_ack_packet                     0x0800c52d   Thumb Code    48  tftpserver.o(i.tftp_send_ack_packet)
    tftp_send_data_packet                    0x0800c55d   Thumb Code    72  tftpserver.o(i.tftp_send_data_packet)
    tftp_send_error_message                  0x0800c5a5   Thumb Code    50  tftpserver.o(i.tftp_send_error_message)
    tftp_send_message                        0x0800c5d7   Thumb Code    74  tftpserver.o(i.tftp_send_message)
    tftp_send_next_block                     0x0800c621   Thumb Code    56  tftpserver.o(i.tftp_send_next_block)
    tftp_set_block                           0x0800c65d   Thumb Code    18  tftputils.o(i.tftp_set_block)
    tftp_set_data_message                    0x0800c66f   Thumb Code    20  tftputils.o(i.tftp_set_data_message)
    tftp_set_errorcode                       0x0800c683   Thumb Code     8  tftputils.o(i.tftp_set_errorcode)
    tftp_set_errormsg                        0x0800c68b   Thumb Code    16  tftputils.o(i.tftp_set_errormsg)
    tftp_set_opcode                          0x0800c69b   Thumb Code     8  tftputils.o(i.tftp_set_opcode)
    ucMBMasterGetDestAddress                 0x0800c6a5   Thumb Code     6  mb_m.o(i.ucMBMasterGetDestAddress)
    ucMBMasterGetPDUSndLength                0x0800c6b1   Thumb Code     6  mbrtu_m.o(i.ucMBMasterGetPDUSndLength)
    udp_bind                                 0x0800c6bd   Thumb Code   132  udp.o(i.udp_bind)
    udp_client_callback                      0x0800c745   Thumb Code    82  client_tcpudp.o(i.udp_client_callback)
    udp_client_callback_app                  0x0800c7a1   Thumb Code    50  client_tcpudp.o(i.udp_client_callback_app)
    udp_connect                              0x0800c7e1   Thumb Code    94  udp.o(i.udp_connect)
    udp_disconnect                           0x0800c845   Thumb Code    16  udp.o(i.udp_disconnect)
    udp_input                                0x0800c855   Thumb Code   632  udp.o(i.udp_input)
    udp_new                                  0x0800cadd   Thumb Code    28  udp.o(i.udp_new)
    udp_recv                                 0x0800cb51   Thumb Code     6  udp.o(i.udp_recv)
    udp_remove                               0x0800cb59   Thumb Code    60  udp.o(i.udp_remove)
    udp_sendto                               0x0800cb99   Thumb Code    62  udp.o(i.udp_sendto)
    udp_sendto_if                            0x0800cbdd   Thumb Code   270  udp.o(i.udp_sendto_if)
    vMBMasterGetPDUSndBuf                    0x0800ccf1   Thumb Code     6  mbrtu_m.o(i.vMBMasterGetPDUSndBuf)
    vMBMasterPortSerialEnable                0x0800ccfd   Thumb Code    84  portserial_m.o(i.vMBMasterPortSerialEnable)
    vMBMasterPortTimersConvertDelayEnable    0x0800cd59   Thumb Code    78  porttimer_m.o(i.vMBMasterPortTimersConvertDelayEnable)
    vMBMasterPortTimersDisable               0x0800cdb1   Thumb Code    38  porttimer_m.o(i.vMBMasterPortTimersDisable)
    vMBMasterPortTimersRespondTimeoutEnable  0x0800cddd   Thumb Code    78  porttimer_m.o(i.vMBMasterPortTimersRespondTimeoutEnable)
    vMBMasterPortTimersT35Enable             0x0800ce35   Thumb Code    78  porttimer_m.o(i.vMBMasterPortTimersT35Enable)
    vMBMasterSetCurTimerMode                 0x0800ce91   Thumb Code     6  mbrtu_m.o(i.vMBMasterSetCurTimerMode)
    vMBMasterSetIsBusy                       0x0800ce9d   Thumb Code     6  mb_m.o(i.vMBMasterSetIsBusy)
    wrq_recv_callback                        0x0800cea9   Thumb Code   200  tftpserver.o(i.wrq_recv_callback)
    xMBMasterPortEventGet                    0x0800cf75   Thumb Code    26  portevent_m.o(i.xMBMasterPortEventGet)
    xMBMasterPortEventInit                   0x0800cf99   Thumb Code    10  portevent_m.o(i.xMBMasterPortEventInit)
    xMBMasterPortEventPost                   0x0800cfa9   Thumb Code    16  portevent_m.o(i.xMBMasterPortEventPost)
    xMBMasterPortSerialGetByte               0x0800cfc1   Thumb Code    16  portserial_m.o(i.xMBMasterPortSerialGetByte)
    xMBMasterPortSerialInit                  0x0800cfd5   Thumb Code   270  portserial_m.o(i.xMBMasterPortSerialInit)
    xMBMasterPortSerialPutByte               0x0800d0f1   Thumb Code    16  portserial_m.o(i.xMBMasterPortSerialPutByte)
    xMBMasterPortTimersInit                  0x0800d105   Thumb Code   100  porttimer_m.o(i.xMBMasterPortTimersInit)
    xMBMasterRTUReceiveFSM                   0x0800d175   Thumb Code   130  mbrtu_m.o(i.xMBMasterRTUReceiveFSM)
    xMBMasterRTUTimerExpired                 0x0800d209   Thumb Code   108  mbrtu_m.o(i.xMBMasterRTUTimerExpired)
    xMBMasterRTUTransmitFSM                  0x0800d285   Thumb Code   120  mbrtu_m.o(i.xMBMasterRTUTransmitFSM)
    tcp_state_str                            0x0800d334   Data          44  tcp.o(.constdata)
    tcp_backoff                              0x0800d360   Data          13  tcp.o(.constdata)
    tcp_persist_backoff                      0x0800d36d   Data           7  tcp.o(.constdata)
    tcp_pcb_lists                            0x0800d374   Data          16  tcp.o(.constdata)
    ip_addr_any                              0x0800d384   Data           4  ip_addr.o(.constdata)
    ip_addr_broadcast                        0x0800d388   Data           4  ip_addr.o(.constdata)
    ethbroadcast                             0x0800d38c   Data           6  etharp.o(.constdata)
    ethzero                                  0x0800d392   Data           6  etharp.o(.constdata)
    Region$$Table$$Base                      0x0800d494   Number         0  anon$$obj.o(Region$$Table)
    Region$$Table$$Limit                     0x0800d4b4   Number         0  anon$$obj.o(Region$$Table)
    TCPTimer                                 0x20000000   Data           4  netconf.o(.data)
    ARPTimer                                 0x20000004   Data           4  netconf.o(.data)
    DHCPfineTimer                            0x20000008   Data           4  netconf.o(.data)
    DHCPcoarseTimer                          0x2000000c   Data           4  netconf.o(.data)
    DisplayTimer                             0x20000014   Data           4  netconf.o(.data)
    LedToggle                                0x20000018   Data           1  netconf.o(.data)
    Server                                   0x20000019   Data           1  netconf.o(.data)
    macaddress                               0x2000001a   Data           6  netconf.o(.data)
    Tcplink                                  0x20000020   Data           1  client_tcpudp.o(.data)
    Udplink                                  0x20000021   Data           1  client_tcpudp.o(.data)
    retry_TCP_connect                        0x20000024   Data           4  client_tcpudp.o(.data)
    SystemRunTime                            0x20000028   Data           4  client_tcpudp.o(.data)
    TCPCreatTrm                              0x2000002c   Data           4  client_tcpudp.o(.data)
    cansent                                  0x20000030   Data           1  client_tcpudp.o(.data)
    TcpRecvLenth                             0x20000034   Data           4  client_tcpudp.o(.data)
    Data                                     0x20000038   Data          10  client_tcpudp.o(.data)
    Statues_MB                               0x20000042   Data           1  client_tcpudp.o(.data)
    Mb2TcpLenth                              0x20000044   Data           4  client_tcpudp.o(.data)
    num                                      0x20000048   Data           1  client_tcpudp.o(.data)
    num1                                     0x20000049   Data           1  client_tcpudp.o(.data)
    TCPSentCreatTrm                          0x2000004c   Data           4  client_tcpudp.o(.data)
    Udpbf                                    0x20000050   Data        1024  client_tcpudp.o(.data)
    UDPSentCreatTrm                          0x20000450   Data           4  client_tcpudp.o(.data)
    wpcb                                     0x20000454   Data           4  client_tcpudp.o(.data)
    upcb                                     0x20000458   Data           4  client_tcpudp.o(.data)
    tftp_errorcode_string                    0x2000045c   Data          32  tftpserver.o(.data)
    tftptimeoutTimer                         0x2000047c   Data           1  tftpserver.o(.data)
    tftptimeout                              0x2000047d   Data           1  tftpserver.o(.data)
    Timeoutargs                              0x20000480   Data           4  tftpserver.o(.data)
    Timeoutupcb                              0x20000484   Data           4  tftpserver.o(.data)
    Timeoutaddr                              0x20000488   Data           4  tftpserver.o(.data)
    Timeoutport                              0x2000048c   Data           2  tftpserver.o(.data)
    Timeoutportpkt_buf                       0x20000490   Data           4  tftpserver.o(.data)
    UDPpcb                                   0x20000494   Data           4  tftpserver.o(.data)
    LocalTime                                0x20000498   Data           4  main.o(.data)
    poll_net_data_lock                       0x2000049c   Data           1  main.o(.data)
    timingdelay                              0x200004a0   Data           4  main.o(.data)
    DMATxDescToSet                           0x200004b8   Data           4  stm32_eth.o(.data)
    DMARxDescToGet                           0x200004bc   Data           4  stm32_eth.o(.data)
    DMAPTPTxDescToSet                        0x200004c0   Data           4  stm32_eth.o(.data)
    DMAPTPRxDescToGet                        0x200004c4   Data           4  stm32_eth.o(.data)
    mf                                       0x200004d8   Data           4  memp.o(.data)
    netif_list                               0x200004dc   Data           4  netif.o(.data)
    netif_default                            0x200004e0   Data           4  netif.o(.data)
    tcp_ticks                                0x200004f4   Data           4  tcp.o(.data)
    tcp_bound_pcbs                           0x200004f8   Data           4  tcp.o(.data)
    tcp_listen_pcbs                          0x200004fc   Data           4  tcp.o(.data)
    tcp_active_pcbs                          0x20000500   Data           4  tcp.o(.data)
    tcp_tw_pcbs                              0x20000504   Data           4  tcp.o(.data)
    tcp_tmp_pcb                              0x20000508   Data           4  tcp.o(.data)
    tcp_active_pcbs_changed                  0x2000050c   Data           1  tcp.o(.data)
    tcp_input_pcb                            0x2000052c   Data           4  tcp_in.o(.data)
    udp_pcbs                                 0x20000534   Data           4  udp.o(.data)
    current_netif                            0x20000538   Data           4  ip.o(.data)
    current_header                           0x2000053c   Data           4  ip.o(.data)
    current_iphdr_src                        0x20000540   Data           4  ip.o(.data)
    current_iphdr_dest                       0x20000544   Data           4  ip.o(.data)
    DMATxDesc                                0x20000554   Data           4  ethernetif.o(.data)
    tcp_end_time                             0x20000558   Data           4  ethernetif.o(.data)
    arp_end_time                             0x2000055c   Data           4  ethernetif.o(.data)
    MACaddr                                  0x20000560   Data           6  ethernetif.o(.data)
    SDcard                                   0x20000568   Data           1  sd.o(.data)
    max_clock                                0x2000056c   Data           4  sd.o(.data)
    pxMBMasterFrameCBByteReceived            0x20000594   Data           4  mb_m.o(.data)
    pxMBMasterFrameCBTransmitterEmpty        0x20000598   Data           4  mb_m.o(.data)
    pxMBMasterPortCBTimerExpired             0x2000059c   Data           4  mb_m.o(.data)
    pxMBMasterFrameCBReceiveFSMCur           0x200005a0   Data           4  mb_m.o(.data)
    pxMBMasterFrameCBTransmitFSMCur          0x200005a4   Data           4  mb_m.o(.data)
    netif                                    0x200005bc   Data          56  netconf.o(.bss)
    Udpbuf                                   0x200005f4   Data          10  client_tcpudp.o(.bss)
    TcpRecvBuf                               0x200005fe   Data        1500  client_tcpudp.o(.bss)
    UID_STM32                                0x20000bda   Data          16  client_tcpudp.o(.bss)
    Mb2TcpBuff                               0x20000bea   Data         256  client_tcpudp.o(.bss)
    efs1                                     0x20000cec   Data         692  tftpserver.o(.bss)
    efs2                                     0x20000fa0   Data         692  tftpserver.o(.bss)
    list1                                    0x20001254   Data          52  tftpserver.o(.bss)
    list2                                    0x20001288   Data          52  tftpserver.o(.bss)
    file_SD                                  0x200012bc   Data          80  tftpserver.o(.bss)
    file_CR                                  0x2000130c   Data          80  tftpserver.o(.bss)
    dhcp_rx_options_val                      0x2000135c   Data          40  dhcp.o(.bss)
    dhcp_rx_options_given                    0x20001384   Data          10  dhcp.o(.bss)
    ram_heap                                 0x2000138e   Data        6164  mem.o(.bss)
    inf                                      0x20002ba2   Data         100  mem.o(.bss)
    lwip_stats                               0x200094cc   Data         268  stats.o(.bss)
    DMARxDscrTab                             0x200096b0   Data          64  ethernetif.o(.bss)
    DMATxDscrTab                             0x200096f0   Data          32  ethernetif.o(.bss)
    Rx_Buff                                  0x20009710   Data        6080  ethernetif.o(.bss)
    Tx_Buff                                  0x2000aed0   Data        3040  ethernetif.o(.bss)
    Eth_Buff                                 0x2000bab0   Data        1500  ethernetif.o(.bss)
    frameds                                  0x2000c08c   Data          12  ethernetif.o(.bss)
    smtp_Tcp_count                           0x2000c098   Data          40  smtp.o(.bss)
    __initial_sp                             0x2000c808   Data           0  startup_stm32f10x_cl.o(STACK)



==============================================================================

Memory Map of the image

  Image Entry point : 0x08000151

  Load Region LR_IROM1 (Base: 0x08000000, Size: 0x0000da70, Max: 0x00040000, ABSOLUTE, COMPRESSED[0x0000d514])

    Execution Region ER_IROM1 (Base: 0x08000000, Size: 0x0000d4b4, Max: 0x00040000, ABSOLUTE)

    Base Addr    Size         Type   Attr      Idx    E Section Name        Object

    0x08000000   0x00000150   Data   RO         6341    RESET               startup_stm32f10x_cl.o
    0x08000150   0x00000000   Code   RO         8207  * .ARM.Collect$$$$00000000  mc_w.l(entry.o)(mc_w.l)
    0x08000150   0x00000004   Code   RO         8499    .ARM.Collect$$$$00000001  mc_w.l(entry2.o)(mc_w.l)
    0x08000154   0x00000004   Code   RO         8502    .ARM.Collect$$$$00000004  mc_w.l(entry5.o)(mc_w.l)
    0x08000158   0x00000008   Code   RO         8503    .ARM.Collect$$$$00000007  mc_w.l(entry7.o)(mc_w.l)
    0x08000160   0x00000004   Code   RO         8500    .ARM.Collect$$$$00002712  mc_w.l(entry2.o)(mc_w.l)
    0x08000164   0x00000002   Code   RO          159    .emb_text           stm32f10x_it.o
    0x08000166   0x00000002   PAD
    0x08000168   0x00000024   Code   RO         6342    .text               startup_stm32f10x_cl.o
    0x0800018c   0x00000024   Code   RO         8210    .text               mc_w.l(memcpya.o)(mc_w.l)
    0x080001b0   0x00000026   Code   RO         8212    .text               mc_w.l(memseta.o)(mc_w.l)
    0x080001d6   0x00000010   Code   RO         8218    .text               mc_w.l(strlen.o)(mc_w.l)
    0x080001e6   0x0000001a   Code   RO         8222    .text               mc_w.l(memcmp.o)(mc_w.l)
    0x08000200   0x00000012   Code   RO         8224    .text               mc_w.l(strcpy.o)(mc_w.l)
    0x08000212   0x0000001e   Code   RO         8226    .text               mc_w.l(strncmp.o)(mc_w.l)
    0x08000230   0x0000002c   Code   RO         8507    .text               mc_w.l(uidiv.o)(mc_w.l)
    0x0800025c   0x00000024   Code   RO         8561    .text               mc_w.l(init.o)(mc_w.l)
    0x08000280   0x0000005c   Code   RO         8578    .text               mc_w.l(__dczerorl2.o)(mc_w.l)
    0x080002dc   0x00000004   Code   RO          160    i.BusFault_Handler  stm32f10x_it.o
    0x080002e0   0x00000002   Code   RO          161    i.DebugMon_Handler  stm32f10x_it.o
    0x080002e2   0x00000002   PAD
    0x080002e4   0x0000000c   Code   RO         4103    i.ETH_DMAClearITPendingBit  stm32_eth.o
    0x080002f0   0x00000020   Code   RO         4104    i.ETH_DMAITConfig   stm32_eth.o
    0x08000310   0x00000024   Code   RO         4107    i.ETH_DMAReceptionCmd  stm32_eth.o
    0x08000334   0x00000054   Code   RO         4108    i.ETH_DMARxDescChainInit  stm32_eth.o
    0x08000388   0x00000016   Code   RO         4110    i.ETH_DMARxDescReceiveITConfig  stm32_eth.o
    0x0800039e   0x00000002   PAD
    0x080003a0   0x00000024   Code   RO         4113    i.ETH_DMATransmissionCmd  stm32_eth.o
    0x080003c4   0x00000050   Code   RO         4116    i.ETH_DMATxDescChainInit  stm32_eth.o
    0x08000414   0x00000016   Code   RO         4125    i.ETH_DeInit        stm32_eth.o
    0x0800042a   0x0000000e   Code   RO         4126    i.ETH_Delay         stm32_eth.o
    0x08000438   0x00000014   Code   RO         4131    i.ETH_FlushTransmitFIFO  stm32_eth.o
    0x0800044c   0x0000000c   Code   RO         6255    i.ETH_GetCurrentTxBuffer  ethernetif.o
    0x08000458   0x0000000a   Code   RO         4142    i.ETH_GetDMARxDescFrameLength  stm32_eth.o
    0x08000462   0x00000002   PAD
    0x08000464   0x00000048   Code   RO         4157    i.ETH_GetRxPktSize  stm32_eth.o
    0x080004ac   0x00000018   Code   RO         4158    i.ETH_GetSoftwareResetStatus  stm32_eth.o
    0x080004c4   0x00000020   Code   RO          162    i.ETH_IRQHandler    stm32f10x_it.o
    0x080004e4   0x0000024c   Code   RO         4165    i.ETH_Init          stm32_eth.o
    0x08000730   0x00000034   Code   RO         4168    i.ETH_MACAddressConfig  stm32_eth.o
    0x08000764   0x00000024   Code   RO         4173    i.ETH_MACReceptionCmd  stm32_eth.o
    0x08000788   0x00000024   Code   RO         4174    i.ETH_MACTransmissionCmd  stm32_eth.o
    0x080007ac   0x00000060   Code   RO         4185    i.ETH_ReadPHYRegister  stm32_eth.o
    0x0800080c   0x0000001c   Code   RO         6256    i.ETH_Recive_Poll   ethernetif.o
    0x08000828   0x0000009c   Code   RO         6257    i.ETH_RxPkt_ChainMode  ethernetif.o
    0x080008c4   0x00000014   Code   RO         4196    i.ETH_SoftwareReset  stm32_eth.o
    0x080008d8   0x00000020   Code   RO         4197    i.ETH_Start         stm32_eth.o
    0x080008f8   0x000000a4   Code   RO         4198    i.ETH_StructInit    stm32_eth.o
    0x0800099c   0x000000b4   Code   RO         6258    i.ETH_TxPkt_ChainMode  ethernetif.o
    0x08000a50   0x00000060   Code   RO         4200    i.ETH_WritePHYRegister  stm32_eth.o
    0x08000ab0   0x00000004   Code   RO         8189    i.EnterCriticalSection  port.o
    0x08000ab4   0x00000088   Code   RO          237    i.Ethernet_Configuration  stm32f107.o
    0x08000b3c   0x00000004   Code   RO         8190    i.ExitCriticalSection  port.o
    0x08000b40   0x00000004   Code   RO          485    i.FS_Write          filesystem.o
    0x08000b44   0x0000010c   Code   RO          238    i.GPIO_Configuration  stm32f107.o
    0x08000c50   0x0000000c   Code   RO         2212    i.GPIO_ETH_MediaInterfaceConfig  stm32f10x_gpio.o
    0x08000c5c   0x00000112   Code   RO         2216    i.GPIO_Init         stm32f10x_gpio.o
    0x08000d6e   0x00000002   PAD
    0x08000d70   0x00000090   Code   RO         2218    i.GPIO_PinRemapConfig  stm32f10x_gpio.o
    0x08000e00   0x00000004   Code   RO         2223    i.GPIO_ResetBits    stm32f10x_gpio.o
    0x08000e04   0x00000004   Code   RO         2224    i.GPIO_SetBits      stm32f10x_gpio.o
    0x08000e08   0x00000174   Code   RO         4993    i.Getmeminf         mem.o
    0x08000f7c   0x00000008   Code   RO          163    i.HardFault_Handler  stm32f10x_it.o
    0x08000f84   0x0000009a   Code   RO         1003    i.InitTIM           main.o
    0x0800101e   0x00000002   PAD
    0x08001020   0x00000058   Code   RO            1    i.LwIP_Init         netconf.o
    0x08001078   0x00000070   Code   RO            2    i.LwIP_Periodic_Handle  netconf.o
    0x080010e8   0x00000010   Code   RO            3    i.LwIP_Pkt_Handle   netconf.o
    0x080010f8   0x00000040   Code   RO         8012    i.Master_Send       modbus_main.o
    0x08001138   0x00000004   Code   RO          164    i.MemManage_Handler  stm32f10x_it.o
    0x0800113c   0x0000002c   Code   RO         8013    i.ModbusSenttset    modbus_main.o
    0x08001168   0x00000002   Code   RO          165    i.NMI_Handler       stm32f10x_it.o
    0x0800116a   0x0000003e   Code   RO          239    i.NVIC_Configuration  stm32f107.o
    0x080011a8   0x00000084   Code   RO         1041    i.NVIC_Init         misc.o
    0x0800122c   0x00000014   Code   RO         1042    i.NVIC_PriorityGroupConfig  misc.o
    0x08001240   0x00000028   Code   RO          240    i.NVIC_SetPriority  stm32f107.o
    0x08001268   0x00000014   Code   RO         1043    i.NVIC_SetVectorTable  misc.o
    0x0800127c   0x00000002   Code   RO          166    i.PendSV_Handler    stm32f10x_it.o
    0x0800127e   0x00000002   PAD
    0x08001280   0x00000020   Code   RO         2637    i.RCC_AHBPeriphClockCmd  stm32f10x_rcc.o
    0x080012a0   0x00000020   Code   RO         2638    i.RCC_AHBPeriphResetCmd  stm32f10x_rcc.o
    0x080012c0   0x00000020   Code   RO         2639    i.RCC_APB1PeriphClockCmd  stm32f10x_rcc.o
    0x080012e0   0x00000020   Code   RO         2641    i.RCC_APB2PeriphClockCmd  stm32f10x_rcc.o
    0x08001300   0x0000018c   Code   RO         2649    i.RCC_GetClocksFreq  stm32f10x_rcc.o
    0x0800148c   0x0000000c   Code   RO         2661    i.RCC_MCOConfig     stm32f10x_rcc.o
    0x08001498   0x00000054   Code   RO         6259    i.Read_Eth_Packet   ethernetif.o
    0x080014ec   0x00000018   Code   RO         3177    i.SPI_Cmd           stm32f10x_spi.o
    0x08001504   0x00000098   Code   RO         7404    i.SPI_Config        sd_stm32.o
    0x0800159c   0x00000012   Code   RO         3185    i.SPI_I2S_GetFlagStatus  stm32f10x_spi.o
    0x080015ae   0x00000006   Code   RO         3188    i.SPI_I2S_ReceiveData  stm32f10x_spi.o
    0x080015b4   0x00000004   Code   RO         3189    i.SPI_I2S_SendData  stm32f10x_spi.o
    0x080015b8   0x0000003c   Code   RO         3190    i.SPI_Init          stm32f10x_spi.o
    0x080015f4   0x00000002   Code   RO          167    i.SVC_Handler       stm32f10x_it.o
    0x080015f6   0x00000002   PAD
    0x080015f8   0x00000074   Code   RO          306    i.SendDataToSever   client_tcpudp.o
    0x0800166c   0x00000008   Code   RO         6346    i.SetSysClock       system_stm32f10x.o
    0x08001674   0x00000100   Code   RO         6347    i.SetSysClockTo72   system_stm32f10x.o
    0x08001774   0x0000002c   Code   RO         6260    i.Set_MAC_Address   ethernetif.o
    0x080017a0   0x00000008   Code   RO          168    i.SysTick_Handler   stm32f10x_it.o
    0x080017a8   0x0000006c   Code   RO         6349    i.SystemInit        system_stm32f10x.o
    0x08001814   0x00000080   Code   RO          241    i.System_Setup      stm32f107.o
    0x08001894   0x0000002c   Code   RO         1004    i.TIM2_IRQHandler   main.o
    0x080018c0   0x00000028   Code   RO         8062    i.TIM3_IRQHandler   porttimer_m.o
    0x080018e8   0x00000018   Code   RO         3320    i.TIM_ARRPreloadConfig  stm32f10x_tim.o
    0x08001900   0x00000006   Code   RO         3326    i.TIM_ClearFlag     stm32f10x_tim.o
    0x08001906   0x00000006   Code   RO         3327    i.TIM_ClearITPendingBit  stm32f10x_tim.o
    0x0800190c   0x00000018   Code   RO         3332    i.TIM_Cmd           stm32f10x_tim.o
    0x08001924   0x00000022   Code   RO         3353    i.TIM_GetITStatus   stm32f10x_tim.o
    0x08001946   0x00000018   Code   RO         3357    i.TIM_ITConfig      stm32f10x_tim.o
    0x0800195e   0x00000004   Code   RO         3397    i.TIM_SetCounter    stm32f10x_tim.o
    0x08001962   0x00000002   PAD
    0x08001964   0x000000a4   Code   RO         3403    i.TIM_TimeBaseInit  stm32f10x_tim.o
    0x08001a08   0x00000068   Code   RO          307    i.TcpTestThread     client_tcpudp.o
    0x08001a70   0x0000005c   Code   RO          601    i.TftpTrm250ms      tftpserver.o
    0x08001acc   0x00000002   Code   RO         1005    i.Time_Update       main.o
    0x08001ace   0x00000002   PAD
    0x08001ad0   0x00000038   Code   RO         8111    i.USART2_IRQHandler  portserial_m.o
    0x08001b08   0x0000001e   Code   RO         3865    i.USART_ClearITPendingBit  stm32f10x_usart.o
    0x08001b26   0x00000018   Code   RO         3868    i.USART_Cmd         stm32f10x_usart.o
    0x08001b3e   0x00000054   Code   RO         3872    i.USART_GetITStatus  stm32f10x_usart.o
    0x08001b92   0x0000004a   Code   RO         3874    i.USART_ITConfig    stm32f10x_usart.o
    0x08001bdc   0x000000d8   Code   RO         3875    i.USART_Init        stm32f10x_usart.o
    0x08001cb4   0x0000000a   Code   RO         3882    i.USART_ReceiveData  stm32f10x_usart.o
    0x08001cbe   0x00000008   Code   RO         3885    i.USART_SendData    stm32f10x_usart.o
    0x08001cc6   0x00000004   Code   RO          169    i.UsageFault_Handler  stm32f10x_it.o
    0x08001cca   0x00000002   PAD
    0x08001ccc   0x00000028   Code   RO         8387    i.__0sprintf$6      mc_w.l(printf6.o)(mc_w.l)
    0x08001cf4   0x0000000e   Code   RO         8572    i.__scatterload_copy  mc_w.l(handlers.o)(mc_w.l)
    0x08001d02   0x00000002   Code   RO         8573    i.__scatterload_null  mc_w.l(handlers.o)(mc_w.l)
    0x08001d04   0x0000000e   Code   RO         8574    i.__scatterload_zeroinit  mc_w.l(handlers.o)(mc_w.l)
    0x08001d12   0x00000002   PAD
    0x08001d14   0x000002f0   Code   RO         8392    i._printf_core      mc_w.l(printf6.o)(mc_w.l)
    0x08002004   0x00000026   Code   RO         8393    i._printf_post_padding  mc_w.l(printf6.o)(mc_w.l)
    0x0800202a   0x0000002e   Code   RO         8394    i._printf_pre_padding  mc_w.l(printf6.o)(mc_w.l)
    0x08002058   0x0000000a   Code   RO         8396    i._sputc            mc_w.l(printf6.o)(mc_w.l)
    0x08002062   0x0000005a   Code   RO         7298    i.crc7              sd.o
    0x080020bc   0x00000032   Code   RO         4739    i.dhcp_arp_reply    dhcp.o
    0x080020ee   0x000000ee   Code   RO         4740    i.dhcp_bind         dhcp.o
    0x080021dc   0x00000038   Code   RO         4741    i.dhcp_check        dhcp.o
    0x08002214   0x00000044   Code   RO         4743    i.dhcp_coarse_tmr   dhcp.o
    0x08002258   0x00000170   Code   RO         4744    i.dhcp_create_msg   dhcp.o
    0x080023c8   0x00000084   Code   RO         4745    i.dhcp_decline      dhcp.o
    0x0800244c   0x0000003c   Code   RO         4746    i.dhcp_delete_msg   dhcp.o
    0x08002488   0x000000b8   Code   RO         4747    i.dhcp_discover     dhcp.o
    0x08002540   0x00000044   Code   RO         4748    i.dhcp_fine_tmr     dhcp.o
    0x08002584   0x00000078   Code   RO         4749    i.dhcp_handle_ack   dhcp.o
    0x080025fc   0x00000038   Code   RO         4750    i.dhcp_handle_nak   dhcp.o
    0x08002634   0x0000002c   Code   RO         4751    i.dhcp_handle_offer  dhcp.o
    0x08002660   0x0000002e   Code   RO         4754    i.dhcp_option       dhcp.o
    0x0800268e   0x0000001c   Code   RO         4755    i.dhcp_option_byte  dhcp.o
    0x080026aa   0x00000060   Code   RO         4756    i.dhcp_option_hostname  dhcp.o
    0x0800270a   0x0000004e   Code   RO         4757    i.dhcp_option_long  dhcp.o
    0x08002758   0x0000002e   Code   RO         4758    i.dhcp_option_short  dhcp.o
    0x08002786   0x0000005c   Code   RO         4759    i.dhcp_option_trailer  dhcp.o
    0x080027e2   0x00000002   PAD
    0x080027e4   0x00000360   Code   RO         4760    i.dhcp_parse_reply  dhcp.o
    0x08002b44   0x00000090   Code   RO         4761    i.dhcp_rebind       dhcp.o
    0x08002bd4   0x000000a8   Code   RO         4762    i.dhcp_reboot       dhcp.o
    0x08002c7c   0x00000108   Code   RO         4763    i.dhcp_recv         dhcp.o
    0x08002d84   0x000000a4   Code   RO         4764    i.dhcp_release      dhcp.o
    0x08002e28   0x0000008c   Code   RO         4765    i.dhcp_renew        dhcp.o
    0x08002eb4   0x000000f4   Code   RO         4766    i.dhcp_select       dhcp.o
    0x08002fa8   0x00000010   Code   RO         4767    i.dhcp_set_state    dhcp.o
    0x08002fb8   0x000000ec   Code   RO         4769    i.dhcp_start        dhcp.o
    0x080030a4   0x00000046   Code   RO         4770    i.dhcp_stop         dhcp.o
    0x080030ea   0x00000020   Code   RO         4771    i.dhcp_t1_timeout   dhcp.o
    0x0800310a   0x00000020   Code   RO         4772    i.dhcp_t2_timeout   dhcp.o
    0x0800312a   0x000000a4   Code   RO         4773    i.dhcp_timeout      dhcp.o
    0x080031ce   0x0000006e   Code   RO         6380    i.dir_addCluster    dir.o
    0x0800323c   0x00000036   Code   RO         6381    i.dir_createDefaultEntry  dir.o
    0x08003272   0x00000030   Code   RO         6382    i.dir_createDirectoryEntry  dir.o
    0x080032a2   0x0000006c   Code   RO         6383    i.dir_findFileinBuf  dir.o
    0x0800330e   0x00000048   Code   RO         6384    i.dir_findFreeEntryinBuf  dir.o
    0x08003356   0x00000030   Code   RO         6385    i.dir_findinBuf     dir.o
    0x08003386   0x00000072   Code   RO         6386    i.dir_findinCluster  dir.o
    0x080033f8   0x0000006a   Code   RO         6387    i.dir_findinDir     dir.o
    0x08003462   0x0000007e   Code   RO         6388    i.dir_findinRootArea  dir.o
    0x080034e0   0x00000048   Code   RO         6389    i.dir_getFatFileName  dir.o
    0x08003528   0x00000030   Code   RO         6390    i.dir_getFileStructure  dir.o
    0x08003558   0x0000002a   Code   RO         6391    i.dir_setFileSize   dir.o
    0x08003582   0x00000034   Code   RO         6392    i.dir_setFirstCluster  dir.o
    0x080035b6   0x00000032   Code   RO         6393    i.dir_updateDirectoryEntry  dir.o
    0x080035e8   0x00000014   Code   RO         6473    i.disc_initDisc     disc.o
    0x080035fc   0x0000003c   Code   RO         6474    i.disc_loadMBR      disc.o
    0x08003638   0x00000028   Code   RO         7799    i.eMBMasterEnable   mb_m.o
    0x08003660   0x000000b8   Code   RO         7800    i.eMBMasterInit     mb_m.o
    0x08003718   0x00000128   Code   RO         7801    i.eMBMasterPoll     mb_m.o
    0x08003840   0x00000058   Code   RO         7904    i.eMBMasterRTUInit  mbrtu_m.o
    0x08003898   0x0000003c   Code   RO         7905    i.eMBMasterRTUReceive  mbrtu_m.o
    0x080038d4   0x00000054   Code   RO         7906    i.eMBMasterRTUSend  mbrtu_m.o
    0x08003928   0x00000024   Code   RO         7907    i.eMBMasterRTUStart  mbrtu_m.o
    0x0800394c   0x00000018   Code   RO         7908    i.eMBMasterRTUStop  mbrtu_m.o
    0x08003964   0x00000074   Code   RO         6494    i.efs_init          efs.o
    0x080039d8   0x00000168   Code   RO         6164    i.etharp_arp_input  etharp.o
    0x08003b40   0x00000038   Code   RO         6165    i.etharp_cleanup_netif  etharp.o
    0x08003b78   0x0000019c   Code   RO         6167    i.etharp_find_entry  etharp.o
    0x08003d14   0x00000040   Code   RO         6168    i.etharp_free_entry  etharp.o
    0x08003d54   0x00000174   Code   RO         6169    i.etharp_output     etharp.o
    0x08003ec8   0x00000080   Code   RO         6170    i.etharp_output_to_arp_index  etharp.o
    0x08003f48   0x000001b0   Code   RO         6171    i.etharp_query      etharp.o
    0x080040f8   0x000000ec   Code   RO         6172    i.etharp_raw        etharp.o
    0x080041e4   0x0000002c   Code   RO         6173    i.etharp_request    etharp.o
    0x08004210   0x00000044   Code   RO         6174    i.etharp_send_ip    etharp.o
    0x08004254   0x0000008c   Code   RO         6175    i.etharp_tmr        etharp.o
    0x080042e0   0x000000c4   Code   RO         6176    i.etharp_update_arp_entry  etharp.o
    0x080043a4   0x000000ec   Code   RO         6177    i.ethernet_input    etharp.o
    0x08004490   0x00000058   Code   RO         6261    i.ethernetif_init   ethernetif.o
    0x080044e8   0x0000002c   Code   RO         6262    i.ethernetif_input  ethernetif.o
    0x08004514   0x0000004c   Code   RO         6509    i.ex_getPartitionField  extract.o
    0x08004560   0x00000010   Code   RO         6510    i.ex_getb16         extract.o
    0x08004570   0x0000001e   Code   RO         6511    i.ex_getb32         extract.o
    0x0800458e   0x00000046   Code   RO         6551    i.fat_DiscToLogicCluster  fat.o
    0x080045d4   0x0000005c   Code   RO         6552    i.fat_LogicToDiscCluster  fat.o
    0x08004630   0x0000013c   Code   RO         6553    i.fat_allocClusterChain  fat.o
    0x0800476c   0x00000038   Code   RO         6554    i.fat_countClustersInChain  fat.o
    0x080047a4   0x000000bc   Code   RO         6556    i.fat_getNextClusterAddress  fat.o
    0x08004860   0x0000009c   Code   RO         6557    i.fat_getNextClusterAddressWBuf  fat.o
    0x080048fc   0x000000ac   Code   RO         6558    i.fat_getNextClusterChain  fat.o
    0x080049a8   0x00000052   Code   RO         6559    i.fat_getSectorAddressFatEntry  fat.o
    0x080049fa   0x0000002a   Code   RO         6560    i.fat_giveEocMarker  fat.o
    0x08004a24   0x0000004c   Code   RO         6561    i.fat_isEocMarker   fat.o
    0x08004a70   0x00000120   Code   RO         6562    i.fat_setNextClusterAddress  fat.o
    0x08004b90   0x000000e0   Code   RO         6563    i.fat_setNextClusterAddressWBuf  fat.o
    0x08004c70   0x00000068   Code   RO         6644    i.file_fclose       file.o
    0x08004cd8   0x0000027c   Code   RO         6645    i.file_fopen        file.o
    0x08004f54   0x00000100   Code   RO         6646    i.file_fread        file.o
    0x08005054   0x00000148   Code   RO         6647    i.file_fwrite       file.o
    0x0800519c   0x0000000e   Code   RO         6648    i.file_getAttr      file.o
    0x080051aa   0x00000032   Code   RO         6649    i.file_initFile     file.o
    0x080051dc   0x00000096   Code   RO         6650    i.file_normalToFatName  file.o
    0x08005272   0x00000024   Code   RO         6651    i.file_read         file.o
    0x08005296   0x00000070   Code   RO         6652    i.file_requiredCluster  file.o
    0x08005306   0x00000026   Code   RO         6653    i.file_setAttr      file.o
    0x0800532c   0x00000014   Code   RO         6654    i.file_setpos       file.o
    0x08005340   0x00000044   Code   RO         6655    i.file_validateChar  file.o
    0x08005384   0x00000024   Code   RO         6656    i.file_write        file.o
    0x080053a8   0x00000046   Code   RO         6728    i.fs_clearCluster   fs.o
    0x080053ee   0x0000003a   Code   RO         6729    i.fs_clusterToSector  fs.o
    0x08005428   0x00000058   Code   RO         6730    i.fs_countDataSectors  fs.o
    0x08005480   0x00000034   Code   RO         6731    i.fs_determineFatType  fs.o
    0x080054b4   0x000000d0   Code   RO         6732    i.fs_findFile       fs.o
    0x08005584   0x0000002e   Code   RO         6733    i.fs_findFirstSectorRootDir  fs.o
    0x080055b2   0x00000070   Code   RO         6734    i.fs_findFreeFile   fs.o
    0x08005622   0x00000010   Code   RO         6735    i.fs_flushFs        fs.o
    0x08005632   0x00000012   Code   RO         6736    i.fs_getFirstClusterRootDir  fs.o
    0x08005644   0x0000003c   Code   RO         6738    i.fs_getLastCluster  fs.o
    0x08005680   0x00000026   Code   RO         6739    i.fs_getNextFreeCluster  fs.o
    0x080056a6   0x00000006   Code   RO         6740    i.fs_giveFreeClusterHint  fs.o
    0x080056ac   0x00000004   Code   RO         7250    i.fs_hasTimeSupport  time.o
    0x080056b0   0x00000010   Code   RO         6741    i.fs_initClusterChain  fs.o
    0x080056c0   0x0000000e   Code   RO         6742    i.fs_initCurrentDir  fs.o
    0x080056ce   0x00000048   Code   RO         6743    i.fs_initFs         fs.o
    0x08005716   0x00000032   Code   RO         6744    i.fs_isValidFat     fs.o
    0x08005748   0x00000074   Code   RO         6745    i.fs_loadVolumeId   fs.o
    0x080057bc   0x00000008   Code   RO         6747    i.fs_setFirstClusterInDirEntry  fs.o
    0x080057c4   0x0000000c   Code   RO         6749    i.fs_umount         fs.o
    0x080057d0   0x000000b2   Code   RO         6750    i.fs_verifySanity   fs.o
    0x08005882   0x00000006   Code   RO         7299    i.get_spi_BaudRatePrescaler  sd.o
    0x08005888   0x00000012   Code   RO         5869    i.icmp_dest_unreach  icmp.o
    0x0800589a   0x00000002   PAD
    0x0800589c   0x00000220   Code   RO         5870    i.icmp_input        icmp.o
    0x08005abc   0x00000090   Code   RO         5871    i.icmp_send_response  icmp.o
    0x08005b4c   0x00000012   Code   RO         5872    i.icmp_time_exceeded  icmp.o
    0x08005b5e   0x0000004c   Code   RO         7405    i.if_initInterface  sd_stm32.o
    0x08005baa   0x00000018   Code   RO         7406    i.if_readBuf        sd_stm32.o
    0x08005bc2   0x00000002   PAD
    0x08005bc4   0x0000002c   Code   RO         7408    i.if_spiInit        sd_stm32.o
    0x08005bf0   0x00000050   Code   RO         7409    i.if_spiSend        sd_stm32.o
    0x08005c40   0x00000014   Code   RO         7410    i.if_writeBuf       sd_stm32.o
    0x08005c54   0x00000014   Code   RO         5914    i.inet_chksum       inet_chksum.o
    0x08005c68   0x00000056   Code   RO         5915    i.inet_chksum_pbuf  inet_chksum.o
    0x08005cbe   0x000000a4   Code   RO         5916    i.inet_chksum_pseudo  inet_chksum.o
    0x08005d62   0x0000002a   Code   RO         6873    i.ioman_decUseCnt   ioman.o
    0x08005d8c   0x00000086   Code   RO         6874    i.ioman_directSectorRead  ioman.o
    0x08005e12   0x000000a8   Code   RO         6875    i.ioman_directSectorWrite  ioman.o
    0x08005eba   0x00000028   Code   RO         6876    i.ioman_findFreeSpot  ioman.o
    0x08005ee2   0x00000074   Code   RO         6877    i.ioman_findOverallocableSpot  ioman.o
    0x08005f56   0x00000036   Code   RO         6878    i.ioman_findSectorInCache  ioman.o
    0x08005f8c   0x0000008e   Code   RO         6879    i.ioman_findUnusedSpot  ioman.o
    0x0800601a   0x0000006e   Code   RO         6881    i.ioman_flushRange  ioman.o
    0x08006088   0x00000060   Code   RO         6882    i.ioman_flushSector  ioman.o
    0x080060e8   0x00000020   Code   RO         6883    i.ioman_getAttr     ioman.o
    0x08006108   0x0000002e   Code   RO         6884    i.ioman_getBp       ioman.o
    0x08006136   0x00000008   Code   RO         6885    i.ioman_getBuffer   ioman.o
    0x0800613e   0x00000018   Code   RO         6886    i.ioman_getPtr      ioman.o
    0x08006156   0x00000018   Code   RO         6887    i.ioman_getRefCnt   ioman.o
    0x0800616e   0x00000144   Code   RO         6888    i.ioman_getSector   ioman.o
    0x080062b2   0x00000018   Code   RO         6889    i.ioman_getUseCnt   ioman.o
    0x080062ca   0x0000002c   Code   RO         6890    i.ioman_incRefCnt   ioman.o
    0x080062f6   0x0000002c   Code   RO         6891    i.ioman_incUseCnt   ioman.o
    0x08006322   0x00000024   Code   RO         6892    i.ioman_init        ioman.o
    0x08006346   0x00000080   Code   RO         6893    i.ioman_pop         ioman.o
    0x080063c6   0x00000078   Code   RO         6895    i.ioman_push        ioman.o
    0x0800643e   0x0000004c   Code   RO         6896    i.ioman_putSectorInCache  ioman.o
    0x0800648a   0x0000002e   Code   RO         6897    i.ioman_readSector  ioman.o
    0x080064b8   0x0000005a   Code   RO         6898    i.ioman_releaseSector  ioman.o
    0x08006512   0x0000007a   Code   RO         6899    i.ioman_reset       ioman.o
    0x0800658c   0x00000026   Code   RO         6900    i.ioman_resetCacheItem  ioman.o
    0x080065b2   0x0000003e   Code   RO         6903    i.ioman_setAttr     ioman.o
    0x080065f0   0x00000030   Code   RO         6904    i.ioman_writeSector  ioman.o
    0x08006620   0x0000004e   Code   RO         5994    i.ip4_addr_isbroadcast  ip_addr.o
    0x0800666e   0x00000002   PAD
    0x08006670   0x000001c8   Code   RO         6047    i.ip_frag           ip_frag.o
    0x08006838   0x0000000a   Code   RO         6048    i.ip_frag_alloc_pbuf_custom_ref  ip_frag.o
    0x08006842   0x00000018   Code   RO         6049    i.ip_frag_free_pbuf_custom_ref  ip_frag.o
    0x0800685a   0x00000002   PAD
    0x0800685c   0x00000268   Code   RO         5955    i.ip_input          ip.o
    0x08006ac4   0x00000058   Code   RO         5956    i.ip_output         ip.o
    0x08006b1c   0x00000140   Code   RO         5957    i.ip_output_if      ip.o
    0x08006c5c   0x000001cc   Code   RO         6050    i.ip_reass          ip_frag.o
    0x08006e28   0x0000019c   Code   RO         6051    i.ip_reass_chain_frag_into_datagram_and_validate  ip_frag.o
    0x08006fc4   0x00000034   Code   RO         6052    i.ip_reass_dequeue_datagram  ip_frag.o
    0x08006ff8   0x00000064   Code   RO         6053    i.ip_reass_enqueue_new_datagram  ip_frag.o
    0x0800705c   0x000000d8   Code   RO         6054    i.ip_reass_free_complete_datagram  ip_frag.o
    0x08007134   0x0000007c   Code   RO         6055    i.ip_reass_remove_oldest_datagram  ip_frag.o
    0x080071b0   0x00000068   Code   RO         5958    i.ip_route          ip.o
    0x08007218   0x0000002e   Code   RO         6057    i.ipfrag_free_pbuf_custom  ip_frag.o
    0x08007246   0x00000002   PAD
    0x08007248   0x0000008c   Code   RO         6263    i.low_level_init    ethernetif.o
    0x080072d4   0x0000004c   Code   RO         6264    i.low_level_input   ethernetif.o
    0x08007320   0x00000034   Code   RO         6265    i.low_level_output  ethernetif.o
    0x08007354   0x00000044   Code   RO         7085    i.ls_openDir        ls.o
    0x08007398   0x0000001a   Code   RO         4709    i.lwip_htonl        def.o
    0x080073b2   0x0000000c   Code   RO         4710    i.lwip_htons        def.o
    0x080073be   0x0000000c   Code   RO         4711    i.lwip_ntohl        def.o
    0x080073ca   0x0000000c   Code   RO         4712    i.lwip_ntohs        def.o
    0x080073d6   0x0000005e   Code   RO         5918    i.lwip_standard_chksum  inet_chksum.o
    0x08007434   0x00000038   Code   RO         1006    i.main              main.o
    0x0800746c   0x00000012   Code   RO         7214    i.memClr            plibc.o
    0x0800747e   0x00000018   Code   RO         7215    i.memCpy            plibc.o
    0x08007496   0x00000002   PAD
    0x08007498   0x000000a4   Code   RO         4995    i.mem_free          mem.o
    0x0800753c   0x00000068   Code   RO         4996    i.mem_init          mem.o
    0x080075a4   0x0000019c   Code   RO         4997    i.mem_malloc        mem.o
    0x08007740   0x00000194   Code   RO         4998    i.mem_trim          mem.o
    0x080078d4   0x00000060   Code   RO         5047    i.memp_free         memp.o
    0x08007934   0x0000009c   Code   RO         5048    i.memp_init         memp.o
    0x080079d0   0x000000c4   Code   RO         5049    i.memp_malloc       memp.o
    0x08007a94   0x0000002c   Code   RO         7411    i.my_if_spiSend     sd_stm32.o
    0x08007ac0   0x00000074   Code   RO         5091    i.netif_add         netif.o
    0x08007b34   0x00000028   Code   RO         5095    i.netif_set_addr    netif.o
    0x08007b5c   0x0000000c   Code   RO         5096    i.netif_set_default  netif.o
    0x08007b68   0x0000002a   Code   RO         5097    i.netif_set_down    netif.o
    0x08007b92   0x0000000c   Code   RO         5098    i.netif_set_gw      netif.o
    0x08007b9e   0x00000002   PAD
    0x08007ba0   0x00000078   Code   RO         5099    i.netif_set_ipaddr  netif.o
    0x08007c18   0x0000000c   Code   RO         5102    i.netif_set_netmask  netif.o
    0x08007c24   0x00000036   Code   RO         5103    i.netif_set_up      netif.o
    0x08007c5a   0x00000024   Code   RO         7145    i.part_directSectorRead  partition.o
    0x08007c7e   0x00000024   Code   RO         7146    i.part_directSectorWrite  partition.o
    0x08007ca2   0x0000002e   Code   RO         7147    i.part_flushPart    partition.o
    0x08007cd0   0x00000014   Code   RO         7148    i.part_getRealLBA   partition.o
    0x08007ce4   0x00000024   Code   RO         7149    i.part_getSect      partition.o
    0x08007d08   0x0000002e   Code   RO         7150    i.part_initPartition  partition.o
    0x08007d36   0x00000026   Code   RO         7151    i.part_isFatPart    partition.o
    0x08007d5c   0x00000012   Code   RO         7153    i.part_relSect      partition.o
    0x08007d6e   0x0000020a   Code   RO         5185    i.pbuf_alloc        pbuf.o
    0x08007f78   0x00000070   Code   RO         5186    i.pbuf_alloced_custom  pbuf.o
    0x08007fe8   0x00000050   Code   RO         5187    i.pbuf_cat          pbuf.o
    0x08008038   0x00000016   Code   RO         5188    i.pbuf_chain        pbuf.o
    0x0800804e   0x00000012   Code   RO         5189    i.pbuf_clen         pbuf.o
    0x08008060   0x000000e4   Code   RO         5191    i.pbuf_copy         pbuf.o
    0x08008144   0x0000009a   Code   RO         5192    i.pbuf_copy_partial  pbuf.o
    0x080081de   0x000000ba   Code   RO         5194    i.pbuf_free         pbuf.o
    0x08008298   0x0000008c   Code   RO         5196    i.pbuf_header       pbuf.o
    0x08008324   0x000000b0   Code   RO         5199    i.pbuf_realloc      pbuf.o
    0x080083d4   0x0000000a   Code   RO         5200    i.pbuf_ref          pbuf.o
    0x080083de   0x00000002   PAD
    0x080083e0   0x000000b4   Code   RO         4999    i.plug_holes        mem.o
    0x08008494   0x000001ac   Code   RO          602    i.process_tftp_request  tftpserver.o
    0x08008640   0x00000010   Code   RO         8063    i.prvvTIMERExpiredISR  porttimer_m.o
    0x08008650   0x00000010   Code   RO         8112    i.prvvUARTRxISR     portserial_m.o
    0x08008660   0x00000010   Code   RO         8113    i.prvvUARTTxReadyISR  portserial_m.o
    0x08008670   0x00000074   Code   RO         5304    i.raw_input         raw.o
    0x080086e4   0x00000022   Code   RO          603    i.recv_callback_tftp  tftpserver.o
    0x08008706   0x00000002   PAD
    0x08008708   0x00000070   Code   RO          604    i.rrq_recv_callback  tftpserver.o
    0x08008778   0x00000052   Code   RO         7300    i.sd_Command        sd.o
    0x080087ca   0x00000084   Code   RO         7301    i.sd_Command_crc    sd.o
    0x0800884e   0x00000002   PAD
    0x08008850   0x00000278   Code   RO         7302    i.sd_Init           sd.o
    0x08008ac8   0x00000020   Code   RO         7303    i.sd_Resp16b        sd.o
    0x08008ae8   0x00000026   Code   RO         7304    i.sd_Resp8b         sd.o
    0x08008b0e   0x00000034   Code   RO         7305    i.sd_Resp8bError    sd.o
    0x08008b42   0x00000070   Code   RO         7306    i.sd_State          sd.o
    0x08008bb2   0x00000002   PAD
    0x08008bb4   0x00000150   Code   RO         7307    i.sd_getDriveSize   sd.o
    0x08008d04   0x000000a8   Code   RO         7308    i.sd_readSector     sd.o
    0x08008dac   0x00000084   Code   RO         7309    i.sd_writeSector    sd.o
    0x08008e30   0x00000020   Code   RO         7217    i.strMatch          plibc.o
    0x08008e50   0x000000a0   Code   RO         5383    i.tcp_abandon       tcp.o
    0x08008ef0   0x0000000e   Code   RO         5384    i.tcp_abort         tcp.o
    0x08008efe   0x00000002   PAD
    0x08008f00   0x00000118   Code   RO         5387    i.tcp_alloc         tcp.o
    0x08009018   0x000000a4   Code   RO         5389    i.tcp_bind          tcp.o
    0x080090bc   0x00000068   Code   RO          312    i.tcp_client_callback  client_tcpudp.o
    0x08009124   0x00000060   Code   RO          313    i.tcp_client_connected  client_tcpudp.o
    0x08009184   0x0000002c   Code   RO          314    i.tcp_client_err    client_tcpudp.o
    0x080091b0   0x000002bc   Code   RO          316    i.tcp_client_reciver  client_tcpudp.o
    0x0800946c   0x0000001c   Code   RO         5390    i.tcp_close         tcp.o
    0x08009488   0x000001d4   Code   RO         5391    i.tcp_close_shutdown  tcp.o
    0x0800965c   0x00000158   Code   RO         5392    i.tcp_connect       tcp.o
    0x080097b4   0x000000c4   Code   RO         5672    i.tcp_create_segment  tcp_out.o
    0x08009878   0x0000002e   Code   RO         5394    i.tcp_eff_send_mss  tcp.o
    0x080098a6   0x00000002   PAD
    0x080098a8   0x0000018c   Code   RO         5673    i.tcp_enqueue_flags  tcp_out.o
    0x08009a34   0x00000014   Code   RO         5395    i.tcp_err           tcp.o
    0x08009a48   0x00000084   Code   RO         5396    i.tcp_fasttmr       tcp.o
    0x08009acc   0x0000057c   Code   RO         5621    i.tcp_input         tcp_in.o
    0x0800a048   0x00000068   Code   RO         5674    i.tcp_keepalive     tcp_out.o
    0x0800a0b0   0x00000054   Code   RO         5398    i.tcp_kill_prio     tcp.o
    0x0800a104   0x0000003c   Code   RO         5399    i.tcp_kill_timewait  tcp.o
    0x0800a140   0x00000144   Code   RO         5622    i.tcp_listen_input  tcp_in.o
    0x0800a284   0x0000000a   Code   RO         5401    i.tcp_new           tcp.o
    0x0800a28e   0x00000002   PAD
    0x0800a290   0x00000068   Code   RO         5402    i.tcp_new_port      tcp.o
    0x0800a2f8   0x0000001c   Code   RO         5403    i.tcp_next_iss      tcp.o
    0x0800a314   0x000001d4   Code   RO         5675    i.tcp_output        tcp_out.o
    0x0800a4e8   0x00000086   Code   RO         5676    i.tcp_output_alloc_header  tcp_out.o
    0x0800a56e   0x00000002   PAD
    0x0800a570   0x000000f4   Code   RO         5677    i.tcp_output_segment  tcp_out.o
    0x0800a664   0x000000b4   Code   RO         5623    i.tcp_parseopt      tcp_in.o
    0x0800a718   0x00000080   Code   RO         5678    i.tcp_pbuf_prealloc  tcp_out.o
    0x0800a798   0x00000040   Code   RO         5404    i.tcp_pcb_purge     tcp.o
    0x0800a7d8   0x000000a0   Code   RO         5405    i.tcp_pcb_remove    tcp.o
    0x0800a878   0x000005a4   Code   RO         5624    i.tcp_process       tcp_in.o
    0x0800ae1c   0x0000008c   Code   RO         5407    i.tcp_process_refused_data  tcp.o
    0x0800aea8   0x000006d8   Code   RO         5625    i.tcp_receive       tcp_in.o
    0x0800b580   0x00000012   Code   RO         5408    i.tcp_recv          tcp.o
    0x0800b592   0x0000002e   Code   RO         5409    i.tcp_recv_null     tcp.o
    0x0800b5c0   0x00000060   Code   RO         5410    i.tcp_recved        tcp.o
    0x0800b620   0x0000005a   Code   RO         5679    i.tcp_rexmit        tcp_out.o
    0x0800b67a   0x00000070   Code   RO         5680    i.tcp_rexmit_fast   tcp_out.o
    0x0800b6ea   0x0000003a   Code   RO         5681    i.tcp_rexmit_rto    tcp_out.o
    0x0800b724   0x000000ac   Code   RO         5682    i.tcp_rst           tcp_out.o
    0x0800b7d0   0x0000001a   Code   RO         5411    i.tcp_seg_free      tcp.o
    0x0800b7ea   0x00000018   Code   RO         5412    i.tcp_segs_free     tcp.o
    0x0800b802   0x00000060   Code   RO         5683    i.tcp_send_empty_ack  tcp_out.o
    0x0800b862   0x0000004a   Code   RO         5684    i.tcp_send_fin      tcp_out.o
    0x0800b8ac   0x0000038c   Code   RO         5416    i.tcp_slowtmr       tcp.o
    0x0800bc38   0x00000002   Code   RO         6113    i.tcp_timer_needed  timers.o
    0x0800bc3a   0x00000002   PAD
    0x0800bc3c   0x000000ac   Code   RO         5626    i.tcp_timewait_input  tcp_in.o
    0x0800bce8   0x00000024   Code   RO         5417    i.tcp_tmr           tcp.o
    0x0800bd0c   0x00000058   Code   RO         5418    i.tcp_update_rcv_ann_wnd  tcp.o
    0x0800bd64   0x00000404   Code   RO         5685    i.tcp_write         tcp_out.o
    0x0800c168   0x0000009c   Code   RO         5686    i.tcp_write_checks  tcp_out.o
    0x0800c204   0x000000cc   Code   RO         5687    i.tcp_zero_window_probe  tcp_out.o
    0x0800c2d0   0x00000044   Code   RO          605    i.tftp_cleanup_rd   tftpserver.o
    0x0800c314   0x00000044   Code   RO          606    i.tftp_cleanup_wr   tftpserver.o
    0x0800c358   0x00000038   Code   RO          607    i.tftp_construct_error_message  tftpserver.o
    0x0800c390   0x00000006   Code   RO          717    i.tftp_decode_op    tftputils.o
    0x0800c396   0x0000000e   Code   RO          718    i.tftp_extract_block  tftputils.o
    0x0800c3a4   0x00000010   Code   RO          719    i.tftp_extract_filename  tftputils.o
    0x0800c3b4   0x00000026   Code   RO          720    i.tftp_is_correct_ack  tftputils.o
    0x0800c3da   0x00000002   PAD
    0x0800c3dc   0x000000b4   Code   RO          608    i.tftp_process_read  tftpserver.o
    0x0800c490   0x0000009c   Code   RO          609    i.tftp_process_write  tftpserver.o
    0x0800c52c   0x00000030   Code   RO          610    i.tftp_send_ack_packet  tftpserver.o
    0x0800c55c   0x00000048   Code   RO          611    i.tftp_send_data_packet  tftpserver.o
    0x0800c5a4   0x00000032   Code   RO          612    i.tftp_send_error_message  tftpserver.o
    0x0800c5d6   0x0000004a   Code   RO          613    i.tftp_send_message  tftpserver.o
    0x0800c620   0x0000003c   Code   RO          614    i.tftp_send_next_block  tftpserver.o
    0x0800c65c   0x00000012   Code   RO          721    i.tftp_set_block    tftputils.o
    0x0800c66e   0x00000014   Code   RO          722    i.tftp_set_data_message  tftputils.o
    0x0800c682   0x00000008   Code   RO          723    i.tftp_set_errorcode  tftputils.o
    0x0800c68a   0x00000010   Code   RO          724    i.tftp_set_errormsg  tftputils.o
    0x0800c69a   0x00000008   Code   RO          725    i.tftp_set_opcode   tftputils.o
    0x0800c6a2   0x00000002   PAD
    0x0800c6a4   0x0000000c   Code   RO         7802    i.ucMBMasterGetDestAddress  mb_m.o
    0x0800c6b0   0x0000000c   Code   RO         7909    i.ucMBMasterGetPDUSndLength  mbrtu_m.o
    0x0800c6bc   0x00000088   Code   RO         5769    i.udp_bind          udp.o
    0x0800c744   0x0000005c   Code   RO          318    i.udp_client_callback  client_tcpudp.o
    0x0800c7a0   0x00000040   Code   RO          319    i.udp_client_callback_app  client_tcpudp.o
    0x0800c7e0   0x00000064   Code   RO         5770    i.udp_connect       udp.o
    0x0800c844   0x00000010   Code   RO         5771    i.udp_disconnect    udp.o
    0x0800c854   0x00000288   Code   RO         5773    i.udp_input         udp.o
    0x0800cadc   0x0000001c   Code   RO         5774    i.udp_new           udp.o
    0x0800caf8   0x00000058   Code   RO         5775    i.udp_new_port      udp.o
    0x0800cb50   0x00000006   Code   RO         5776    i.udp_recv          udp.o
    0x0800cb56   0x00000002   PAD
    0x0800cb58   0x00000040   Code   RO         5777    i.udp_remove        udp.o
    0x0800cb98   0x00000044   Code   RO         5779    i.udp_sendto        udp.o
    0x0800cbdc   0x00000114   Code   RO         5780    i.udp_sendto_if     udp.o
    0x0800ccf0   0x0000000c   Code   RO         7910    i.vMBMasterGetPDUSndBuf  mbrtu_m.o
    0x0800ccfc   0x0000005c   Code   RO         8115    i.vMBMasterPortSerialEnable  portserial_m.o
    0x0800cd58   0x00000058   Code   RO         8064    i.vMBMasterPortTimersConvertDelayEnable  porttimer_m.o
    0x0800cdb0   0x0000002c   Code   RO         8065    i.vMBMasterPortTimersDisable  porttimer_m.o
    0x0800cddc   0x00000058   Code   RO         8066    i.vMBMasterPortTimersRespondTimeoutEnable  porttimer_m.o
    0x0800ce34   0x0000005c   Code   RO         8067    i.vMBMasterPortTimersT35Enable  porttimer_m.o
    0x0800ce90   0x0000000c   Code   RO         7912    i.vMBMasterSetCurTimerMode  mbrtu_m.o
    0x0800ce9c   0x0000000c   Code   RO         7805    i.vMBMasterSetIsBusy  mb_m.o
    0x0800cea8   0x000000cc   Code   RO          616    i.wrq_recv_callback  tftpserver.o
    0x0800cf74   0x00000024   Code   RO         8163    i.xMBMasterPortEventGet  portevent_m.o
    0x0800cf98   0x00000010   Code   RO         8164    i.xMBMasterPortEventInit  portevent_m.o
    0x0800cfa8   0x00000018   Code   RO         8165    i.xMBMasterPortEventPost  portevent_m.o
    0x0800cfc0   0x00000014   Code   RO         8116    i.xMBMasterPortSerialGetByte  portserial_m.o
    0x0800cfd4   0x0000011c   Code   RO         8117    i.xMBMasterPortSerialInit  portserial_m.o
    0x0800d0f0   0x00000014   Code   RO         8118    i.xMBMasterPortSerialPutByte  portserial_m.o
    0x0800d104   0x00000070   Code   RO         8068    i.xMBMasterPortTimersInit  porttimer_m.o
    0x0800d174   0x00000094   Code   RO         7914    i.xMBMasterRTUReceiveFSM  mbrtu_m.o
    0x0800d208   0x0000007c   Code   RO         7915    i.xMBMasterRTUTimerExpired  mbrtu_m.o
    0x0800d284   0x0000008c   Code   RO         7916    i.xMBMasterRTUTransmitFSM  mbrtu_m.o
    0x0800d310   0x00000024   Data   RO         5051    .constdata          memp.o
    0x0800d334   0x00000050   Data   RO         5419    .constdata          tcp.o
    0x0800d384   0x00000008   Data   RO         6001    .constdata          ip_addr.o
    0x0800d38c   0x0000000c   Data   RO         6179    .constdata          etharp.o
    0x0800d398   0x00000092   Data   RO          618    .conststring        tftpserver.o
    0x0800d42a   0x00000068   Data   RO         5420    .conststring        tcp.o
    0x0800d492   0x00000002   PAD
    0x0800d494   0x00000020   Data   RO         8570    Region$$Table       anon$$obj.o


    Execution Region RW_IRAM1 (Base: 0x20000000, Size: 0x0000c808, Max: 0x00010000, ABSOLUTE, COMPRESSED[0x00000060])

    Base Addr    Size         Type   Attr      Idx    E Section Name        Object

    0x20000000   0x00000020   Data   RW            5    .data               netconf.o
    0x20000020   0x0000043c   Data   RW          321    .data               client_tcpudp.o
    0x2000045c   0x0000003c   Data   RW          619    .data               tftpserver.o
    0x20000498   0x0000000c   Data   RW         1007    .data               main.o
    0x200004a4   0x00000014   Data   RW         2677    .data               stm32f10x_rcc.o
    0x200004b8   0x00000010   Data   RW         4201    .data               stm32_eth.o
    0x200004c8   0x00000004   Data   RW         4775    .data               dhcp.o
    0x200004cc   0x0000000c   Data   RW         5001    .data               mem.o
    0x200004d8   0x00000004   Data   RW         5052    .data               memp.o
    0x200004dc   0x00000009   Data   RW         5104    .data               netif.o
    0x200004e5   0x00000003   PAD
    0x200004e8   0x00000004   Data   RW         5310    .data               raw.o
    0x200004ec   0x00000023   Data   RW         5421    .data               tcp.o
    0x2000050f   0x00000001   PAD
    0x20000510   0x00000020   Data   RW         5628    .data               tcp_in.o
    0x20000530   0x00000008   Data   RW         5781    .data               udp.o
    0x20000538   0x00000012   Data   RW         5959    .data               ip.o
    0x2000054a   0x00000002   PAD
    0x2000054c   0x00000006   Data   RW         6058    .data               ip_frag.o
    0x20000552   0x00000001   Data   RW         6180    .data               etharp.o
    0x20000553   0x00000001   PAD
    0x20000554   0x00000012   Data   RW         6267    .data               ethernetif.o
    0x20000566   0x00000002   PAD
    0x20000568   0x00000008   Data   RW         7312    .data               sd.o
    0x20000570   0x00000038   Data   RW         7808    .data               mb_m.o
    0x200005a8   0x0000000d   Data   RW         7918    .data               mbrtu_m.o
    0x200005b5   0x00000001   PAD
    0x200005b6   0x00000004   Data   RW         8069    .data               porttimer_m.o
    0x200005ba   0x00000002   Data   RW         8166    .data               portevent_m.o
    0x200005bc   0x00000038   Zero   RW            4    .bss                netconf.o
    0x200005f4   0x000006f6   Zero   RW          320    .bss                client_tcpudp.o
    0x20000cea   0x00000002   PAD
    0x20000cec   0x00000670   Zero   RW          617    .bss                tftpserver.o
    0x2000135c   0x00000032   Zero   RW         4774    .bss                dhcp.o
    0x2000138e   0x00001878   Zero   RW         5000    .bss                mem.o
    0x20002c06   0x00000002   PAD
    0x20002c08   0x000068c3   Zero   RW         5050    .bss                memp.o
    0x200094cb   0x00000001   PAD
    0x200094cc   0x0000010c   Zero   RW         5359    .bss                stats.o
    0x200095d8   0x00000010   Zero   RW         5627    .bss                tcp_in.o
    0x200095e8   0x000000c8   Zero   RW         6178    .bss                etharp.o
    0x200096b0   0x000029e8   Zero   RW         6266    .bss                ethernetif.o
    0x2000c098   0x0000016c   Zero   RW         7659    .bss                smtp.o
    0x2000c204   0x000001fd   Zero   RW         7917    .bss                mbrtu_m.o
    0x2000c401   0x00000007   PAD
    0x2000c408   0x00000400   Zero   RW         6339    STACK               startup_stm32f10x_cl.o


==============================================================================

Image component sizes


      Code (inc. data)   RO Data    RW Data    ZI Data      Debug   Object Name

      1320        262          0       1084       1782          0   client_tcpudp.o
        62          0          0          0          0          0   def.o
      4368         98          0          4         50          0   dhcp.o
      1050          0          0          0          0          0   dir.o
        80          0          0          0          0          0   disc.o
       116          0          0          0          0          0   efs.o
      2744         86         12          1        200          0   etharp.o
       904        108          0         18      10728          0   ethernetif.o
       122          0          0          0          0          0   extract.o
      1762          6          0          0          0          0   fat.o
      1848          0          0          0          0          0   file.o
         4          0          0          0          0          0   filesystem.o
      1238          0          0          0          0          0   fs.o
       724         20          0          0          0          0   icmp.o
         0          0          0          0          0          0   inet.o
       364          0          0          0          0          0   inet_chksum.o
         0          0          0          0          0          0   init.o
      2238          0          0          0          0          0   ioman.o
      1128         52          0         18          0          0   ip.o
        78          0          8          0          0          0   ip_addr.o
      1900         50          0          6          0          0   ip_frag.o
        68          0          0          0          0          0   ls.o
       256          8          0         12          0          0   main.o
       544        138          0         56          0          0   mb_m.o
       740        110          0         13        509          0   mbrtu_m.o
      1636        182          0         12       6264          0   mem.o
       448         46         36          4      26819          0   memp.o
       172         32          0          0          0          0   misc.o
       108         10          0          0          0          0   modbus_main.o
       216         40          0         32         56          0   netconf.o
       408         24          0          9          0          0   netif.o
       276          0          0          0          0          0   partition.o
      1648          0          0          0          0          0   pbuf.o
        74          0          0          0          0          0   plibc.o
         8          0          0          0          0          0   port.o
        76         24          0          2          0          0   portevent_m.o
       504         48          0          0          0          0   portserial_m.o
       480         64          0          4          0          0   porttimer_m.o
       116         14          0          4          0          0   raw.o
      1812         42          0          8          0          0   sd.o
       440         28          0          0          0          0   sd_stm32.o
         0          0          0          0        364          0   smtp.o
        36          8        336          0       1024          0   startup_stm32f10x_cl.o
         0          0          0          0        268          0   stats.o
      1584        134          0         16          0          0   stm32_eth.o
       634         32          0          0          0          0   stm32f107.o
       438         12          0          0          0          0   stm32f10x_gpio.o
        70          0          0          0          0          0   stm32f10x_it.o
       536         52          0         20          0          0   stm32f10x_rcc.o
       112          0          0          0          0          0   stm32f10x_spi.o
       286         42          0          0          0          0   stm32f10x_tim.o
       446          6          0          0          0          0   stm32f10x_usart.o
       372         32          0          0          0          0   system_stm32f10x.o
      3548        182        184         35          0          0   tcp.o
      5276        326          0         32         16          0   tcp_in.o
      3660         46          0          0          0          0   tcp_out.o
      1702        174        146         60       1648          0   tftpserver.o
       144          0          0          0          0          0   tftputils.o
         4          0          0          0          0          0   time.o
         2          0          0          0          0          0   timers.o
      1430         50          0          8          0          0   udp.o

    ----------------------------------------------------------------------
     52422       2588        756       1468      49740          0   Object Totals
         0          0         32          0          0          0   (incl. Generated)
        62          0          2         10         12          1   (incl. Padding)

    ----------------------------------------------------------------------

      Code (inc. data)   RO Data    RW Data    ZI Data      Debug   Library Member Name

        92          0          0          0          0          0   __dczerorl2.o
         0          0          0          0          0          0   entry.o
         8          4          0          0          0          0   entry2.o
         4          0          0          0          0          0   entry5.o
         8          4          0          0          0          0   entry7.o
        30          0          0          0          0          0   handlers.o
        36          8          0          0          0          0   init.o
        26          0          0          0          0          0   memcmp.o
        36          0          0          0          0          0   memcpya.o
        38          0          0          0          0          0   memseta.o
       886         10          0          0          0          0   printf6.o
        18          0          0          0          0          0   strcpy.o
        16          0          0          0          0          0   strlen.o
        30          0          0          0          0          0   strncmp.o
        44          0          0          0          0          0   uidiv.o

    ----------------------------------------------------------------------
      1274         26          0          0          0          0   Library Totals
         2          0          0          0          0          0   (incl. Padding)

    ----------------------------------------------------------------------

      Code (inc. data)   RO Data    RW Data    ZI Data      Debug   Library Name

      1272         26          0          0          0       1040   mc_w.l

    ----------------------------------------------------------------------
      1274         26          0          0          0          0   Library Totals

    ----------------------------------------------------------------------

==============================================================================


      Code (inc. data)   RO Data    RW Data    ZI Data      Debug   

     53696       2614        756       1468      49740     761640   Grand Totals
     53696       2614        756         96      49740     761640   ELF Image Totals (compressed)
     53696       2614        756         96          0          0   ROM Totals

==============================================================================

    Total RO  Size (Code + RO Data)                54452 (  53.18kB)
    Total RW  Size (RW Data + ZI Data)             51208 (  50.01kB)
    Total ROM Size (Code + RO Data + RW Data)      54548 (  53.27kB)

==============================================================================

